Component: ARM Compiler 5.06 update 1 (build 61) Tool: armlink [4d35a8]

==============================================================================

Section Cross References

    main.o(i.TIME_timeout_handler1) refers to nrf_log_frontend.o(i.nrf_log_frontend_std_1) for nrf_log_frontend_std_1
    main.o(i.TIME_timeout_handler1) refers to main.o(i.nrf_gpio_pin_toggle) for nrf_gpio_pin_toggle
    main.o(i.TIME_timeout_handler1) refers to main.o(.data) for .data
    main.o(i.TIME_timeout_handler1) refers to nrf_log_frontend.o(log_const_data) for m_nrf_log_app_logs_data_const
    main.o(i.TIME_timeout_handler2) refers to nrf_log_frontend.o(i.nrf_log_frontend_std_1) for nrf_log_frontend_std_1
    main.o(i.TIME_timeout_handler2) refers to main.o(i.nrf_gpio_pin_toggle) for nrf_gpio_pin_toggle
    main.o(i.TIME_timeout_handler2) refers to main.o(.data) for .data
    main.o(i.TIME_timeout_handler2) refers to nrf_log_frontend.o(log_const_data) for m_nrf_log_app_logs_data_const
    main.o(i.TIME_timeout_handler2) refers to main.o(i.TIME_timeout_handler1) for i.TIME_timeout_handler1
    main.o(i.advertising_start) refers to nrf_log_frontend.o(i.nrf_log_frontend_std_0) for nrf_log_frontend_std_0
    main.o(i.advertising_start) refers to peer_manager.o(i.pm_peers_delete) for pm_peers_delete
    main.o(i.advertising_start) refers to ble_advertising.o(i.ble_advertising_start) for ble_advertising_start
    main.o(i.advertising_start) refers to app_error.o(i.app_error_handler_bare) for app_error_handler_bare
    main.o(i.advertising_start) refers to nrf_log_frontend.o(log_const_data) for m_nrf_log_app_logs_data_const
    main.o(i.advertising_start) refers to main.o(.bss) for .bss
    main.o(i.assert_nrf_callback) refers to app_error_handler_keil.o(.emb_text) for app_error_handler
    main.o(i.ble_evt_handler) refers to nrf_log_frontend.o(i.nrf_log_frontend_std_0) for nrf_log_frontend_std_0
    main.o(i.ble_evt_handler) refers to bsp.o(i.bsp_indication_set) for bsp_indication_set
    main.o(i.ble_evt_handler) refers to app_error.o(i.app_error_handler_bare) for app_error_handler_bare
    main.o(i.ble_evt_handler) refers to nrf_ble_qwr.o(i.nrf_ble_qwr_conn_handle_assign) for nrf_ble_qwr_conn_handle_assign
    main.o(i.ble_evt_handler) refers to nrf_log_frontend.o(log_const_data) for m_nrf_log_app_logs_data_const
    main.o(i.ble_evt_handler) refers to main.o(.data) for .data
    main.o(i.ble_evt_handler) refers to main.o(.bss) for .bss
    main.o(i.bsp_event_handler) refers to main.o(i.sleep_mode_enter) for sleep_mode_enter
    main.o(i.bsp_event_handler) refers to app_error.o(i.app_error_handler_bare) for app_error_handler_bare
    main.o(i.bsp_event_handler) refers to ble_advertising.o(i.ble_advertising_restart_without_whitelist) for ble_advertising_restart_without_whitelist
    main.o(i.bsp_event_handler) refers to main.o(.data) for .data
    main.o(i.bsp_event_handler) refers to main.o(.bss) for .bss
    main.o(i.conn_params_error_handler) refers to app_error.o(i.app_error_handler_bare) for app_error_handler_bare
    main.o(i.main) refers to nrf_log_frontend.o(i.nrf_log_init) for nrf_log_init
    main.o(i.main) refers to app_error.o(i.app_error_handler_bare) for app_error_handler_bare
    main.o(i.main) refers to nrf_log_default_backends.o(i.nrf_log_default_backends_init) for nrf_log_default_backends_init
    main.o(i.main) refers to app_timer2.o(i.app_timer_init) for app_timer_init
    main.o(i.main) refers to app_timer2.o(i.app_timer_create) for app_timer_create
    main.o(i.main) refers to bsp.o(i.bsp_init) for bsp_init
    main.o(i.main) refers to bsp_btn_ble.o(i.bsp_btn_ble_init) for bsp_btn_ble_init
    main.o(i.main) refers to nrf_pwr_mgmt.o(i.nrf_pwr_mgmt_init) for nrf_pwr_mgmt_init
    main.o(i.main) refers to nrf_sdh.o(i.nrf_sdh_enable_request) for nrf_sdh_enable_request
    main.o(i.main) refers to nrf_sdh_ble.o(i.nrf_sdh_ble_default_cfg_set) for nrf_sdh_ble_default_cfg_set
    main.o(i.main) refers to nrf_sdh_ble.o(i.nrf_sdh_ble_enable) for nrf_sdh_ble_enable
    main.o(i.main) refers to nrf_ble_gatt.o(i.nrf_ble_gatt_init) for nrf_ble_gatt_init
    main.o(i.main) refers to memseta.o(.text) for __aeabi_memclr4
    main.o(i.main) refers to ble_advertising.o(i.ble_advertising_init) for ble_advertising_init
    main.o(i.main) refers to ble_advertising.o(i.ble_advertising_conn_cfg_tag_set) for ble_advertising_conn_cfg_tag_set
    main.o(i.main) refers to nrf_ble_qwr.o(i.nrf_ble_qwr_init) for nrf_ble_qwr_init
    main.o(i.main) refers to ble_conn_params.o(i.ble_conn_params_init) for ble_conn_params_init
    main.o(i.main) refers to main.o(i.peer_manager_init) for peer_manager_init
    main.o(i.main) refers to nrf_log_frontend.o(i.nrf_log_frontend_std_0) for nrf_log_frontend_std_0
    main.o(i.main) refers to app_timer2.o(i.app_timer_start) for app_timer_start
    main.o(i.main) refers to main.o(i.advertising_start) for advertising_start
[...]
    pm_handler_flash_clean_on_return         0x0002de2d   Thumb Code    24  peer_manager_handler.o(i.pm_handler_flash_clean_on_return)
    pm_handler_on_pm_evt                     0x0002de49   Thumb Code    64  peer_manager_handler.o(i.pm_handler_on_pm_evt)
    pm_handler_pm_evt_log                    0x0002de9d   Thumb Code   330  peer_manager_handler.o(i.pm_handler_pm_evt_log)
    pm_im_evt_handler                        0x0002e1ad   Thumb Code     4  peer_manager.o(i.pm_im_evt_handler)
    pm_init                                  0x0002e1b1   Thumb Code   162  peer_manager.o(i.pm_init)
    pm_pdb_evt_handler                       0x0002e36d   Thumb Code   276  peer_manager.o(i.pm_pdb_evt_handler)
    pm_peer_delete                           0x0002e485   Thumb Code    14  peer_manager.o(i.pm_peer_delete)
    pm_peer_rank_highest                     0x0002e499   Thumb Code   204  peer_manager.o(i.pm_peer_rank_highest)
    pm_peer_ranks_get                        0x0002e5b5   Thumb Code   216  peer_manager.o(i.pm_peer_ranks_get)
    pm_peers_delete                          0x0002e69d   Thumb Code   126  peer_manager.o(i.pm_peers_delete)
    pm_register                              0x0002e731   Thumb Code    34  peer_manager.o(i.pm_register)
    pm_sec_params_set                        0x0002e75d   Thumb Code    14  peer_manager.o(i.pm_sec_params_set)
    pm_sm_evt_handler                        0x0002e771   Thumb Code    10  peer_manager.o(i.pm_sm_evt_handler)
    sm_ble_evt_handler                       0x0002f7a1   Thumb Code    32  security_manager.o(i.sm_ble_evt_handler)
    sm_conn_sec_status_get                   0x0002f7cd   Thumb Code   162  security_manager.o(i.sm_conn_sec_status_get)
    sm_init                                  0x0002f871   Thumb Code    72  security_manager.o(i.sm_init)
    sm_link_secure                           0x0002f8c9   Thumb Code    10  security_manager.o(i.sm_link_secure)
    sm_pdb_evt_handler                       0x0002f8d5   Thumb Code    56  security_manager.o(i.sm_pdb_evt_handler)
    sm_sec_is_sufficient                     0x0002f919   Thumb Code    36  security_manager.o(i.sm_sec_is_sufficient)
    sm_sec_params_set                        0x0002f941   Thumb Code    46  security_manager.o(i.sm_sec_params_set)
    sm_smd_evt_handler                       0x0002f975   Thumb Code    44  security_manager.o(i.sm_smd_evt_handler)
    smd_ble_evt_handler                      0x0002f9a1   Thumb Code   234  security_dispatcher.o(i.smd_ble_evt_handler)
    smd_init                                 0x0002fa95   Thumb Code    88  security_dispatcher.o(i.smd_init)
    smd_link_secure                          0x0002fafd   Thumb Code    40  security_dispatcher.o(i.smd_link_secure)
    smd_params_reply                         0x0002fb25   Thumb Code   162  security_dispatcher.o(i.smd_params_reply)
    store_car_value                          0x0002fd91   Thumb Code    88  gatt_cache_manager.o(i.store_car_value)
    write_buf_store                          0x000305a5   Thumb Code   202  peer_database.o(i.write_buf_store)
    nrf_fstorage_sd                          0x00030c90   Data          32  nrf_fstorage_sd.o(.constdata)
    nrf_log_backend_rtt_api                  0x00030e10   Data          12  nrf_log_backend_rtt.o(.constdata)
    nrf_log_backend_uart_api                 0x00030e28   Data          12  nrf_log_backend_uart.o(.constdata)
    m_ram_start                              0x00030ed8   Data           4  nrf_sdh_ble.o(.constdata)
    __ctype_table                            0x00030f04   Data         129  ctype_o.o(.constdata)
    Region$$Table$$Base                      0x00032544   Number         0  anon$$obj.o(Region$$Table)
    Region$$Table$$Limit                     0x00032564   Number         0  anon$$obj.o(Region$$Table)
    log_const_data$$Base                     0x00032584   Number         0  gatt_cache_manager.o(log_const_data)
    m_nrf_log_peer_manager_gcm_logs_data_const 0x00032584   Data           8  gatt_cache_manager.o(log_const_data)
    m_nrf_log_peer_manager_gscm_logs_data_const 0x0003258c   Data           8  gatts_cache_manager.o(log_const_data)
    m_nrf_log_peer_manager_im_logs_data_const 0x00032594   Data           8  id_manager.o(log_const_data)
    m_nrf_log_nrf_ble_gatt_logs_data_const   0x0003259c   Data           8  nrf_ble_gatt.o(log_const_data)
    m_nrf_log_peer_manager_pds_logs_data_const 0x000325a4   Data           8  peer_data_storage.o(log_const_data)
    m_nrf_log_peer_manager_pdb_logs_data_const 0x000325ac   Data           8  peer_database.o(log_const_data)
    m_nrf_log_peer_manager_logs_data_const   0x000325b4   Data           8  peer_manager.o(log_const_data)
    m_nrf_log_peer_manager_handler_logs_data_const 0x000325bc   Data           8  peer_manager_handler.o(log_const_data)
    m_nrf_log_peer_manager_smd_logs_data_const 0x000325c4   Data           8  security_dispatcher.o(log_const_data)
    m_nrf_log_peer_manager_sm_logs_data_const 0x000325cc   Data           8  security_manager.o(log_const_data)
    m_nrf_log_clock_logs_data_const          0x000325d4   Data           8  nrf_drv_clock.o(log_const_data)
    m_nrf_log_CLOCK_logs_data_const          0x000325dc   Data           8  nrfx_clock.o(log_const_data)
    m_nrf_log_GPIOTE_logs_data_const         0x000325e4   Data           8  nrfx_gpiote.o(log_const_data)
    m_nrf_log_PRS_logs_data_const            0x000325ec   Data           8  nrfx_prs.o(log_const_data)
    m_nrf_log_UART_logs_data_const           0x000325f4   Data           8  nrfx_uart.o(log_const_data)
    m_nrf_log_UARTE_logs_data_const          0x000325fc   Data           8  nrfx_uarte.o(log_const_data)
    m_nrf_log_app_button_logs_data_const     0x00032604   Data           8  app_button.o(log_const_data)
    m_nrf_log_app_timer_logs_data_const      0x0003260c   Data           8  app_timer2.o(log_const_data)
    m_nrf_log_nrf_fstorage_logs_data_const   0x00032614   Data           8  nrf_fstorage.o(log_const_data)
    m_nrf_log_pwr_mgmt_logs_data_const       0x0003261c   Data           8  nrf_pwr_mgmt.o(log_const_data)
    m_nrf_log_sortlist_logs_data_const       0x00032624   Data           8  nrf_sortlist.o(log_const_data)
    m_nrf_log_app_logs_data_const            0x0003262c   Data           8  nrf_log_frontend.o(log_const_data)
    m_nrf_log_nrf_sdh_logs_data_const        0x00032634   Data           8  nrf_sdh.o(log_const_data)
    m_nrf_log_nrf_sdh_ble_logs_data_const    0x0003263c   Data           8  nrf_sdh_ble.o(log_const_data)
    m_nrf_log_nrf_sdh_soc_logs_data_const    0x00032644   Data           8  nrf_sdh_soc.o(log_const_data)
    log_const_data$$Limit                    0x0003264c   Number         0  nrf_sdh_soc.o(log_const_data)
    log_mempool                              0x0003264c   Data          20  nrf_log_frontend.o(nrf_balloc)
    sdh_ble_observers0$$Base                 0x00032660   Number         0  ble_conn_state.o(sdh_ble_observers0)
    sdh_ble_observers0$$Limit                0x00032668   Number         0  ble_conn_state.o(sdh_ble_observers0)
    sdh_ble_observers1$$Base                 0x00032668   Number         0  main.o(sdh_ble_observers1)
    sdh_ble_observers1$$Limit                0x00032690   Number         0  peer_manager.o(sdh_ble_observers1)
    sdh_ble_observers2$$Base                 0x00032690   Number         0  main.o(sdh_ble_observers2)
    sdh_ble_observers2$$Limit                0x00032698   Number         0  main.o(sdh_ble_observers2)
    sdh_ble_observers3$$Base                 0x00032698   Number         0  main.o(sdh_ble_observers3)
    m_req_obs                                0x000326a0   Data           8  nrf_fstorage_sd.o(sdh_req_observers0)
    sdh_ble_observers3$$Limit                0x000326a0   Number         0  main.o(sdh_ble_observers3)
    sdh_req_observers0$$Base                 0x000326a0   Number         0  nrf_fstorage_sd.o(sdh_req_observers0)
    sdh_req_observers0$$Limit                0x000326a8   Number         0  nrf_fstorage_sd.o(sdh_req_observers0)
    sdh_soc_observers0$$Base                 0x000326a8   Number         0  nrf_drv_clock.o(sdh_soc_observers0)
    sdh_soc_observers0$$Limit                0x000326b8   Number         0  nrf_fstorage_sd.o(sdh_soc_observers0)
    sdh_stack_observers0$$Base               0x000326b8   Number         0  nrf_sdh_ble.o(sdh_stack_observers0)
    sdh_stack_observers0$$Limit              0x000326c8   Number         0  nrf_sdh_soc.o(sdh_stack_observers0)
    sdh_state_observers0$$Base               0x000326c8   Number         0  nrf_drv_clock.o(sdh_state_observers0)
    sdh_state_observers0$$Limit              0x000326d8   Number         0  nrf_fstorage_sd.o(sdh_state_observers0)
    Image$$RW_IRAM1$$Base                    0x20002250   Number         0  anon$$obj.o ABSOLUTE
    TIME                                     0x20002250   Data           1  main.o(.data)
    TIME2                                    0x20002251   Data           1  main.o(.data)
    nrf_drv_uart_use_easy_dma                0x20002338   Data           1  nrf_drv_uart.o(.data)
    m_uart                                   0x200023e8   Data          20  nrf_log_backend_uart.o(.data)
    SystemCoreClock                          0x20002464   Data           4  system_nrf52.o(.data)
    fs_data$$Base                            0x20002468   Number         0  fds.o(fs_data)
    m_fs                                     0x20002468   Data          20  fds.o(fs_data)
    fs_data$$Limit                           0x2000247c   Number         0  fds.o(fs_data)
    nrf_nvic_state                           0x20002e90   Data          12  app_util_platform.o(.bss)
    _SEGGER_RTT                              0x20003640   Data         120  segger_rtt.o(.bss)
    __initial_sp                             0x200058c8   Data           0  arm_startup_nrf52.o(STACK)



==============================================================================

Memory Map of the image

  Image Entry point : 0x00026201

  Load Region LR_IROM1 (Base: 0x00026000, Size: 0x0000c904, Max: 0x0005a000, ABSOLUTE, COMPRESSED[0x0000c778])

    Execution Region ER_IROM1 (Base: 0x00026000, Size: 0x0000c6d8, Max: 0x0005a000, ABSOLUTE)

    Base Addr    Size         Type   Attr      Idx    E Section Name        Object

    0x00026000   0x00000200   Data   RO         7167    RESET               arm_startup_nrf52.o
    0x00026200   0x00000000   Code   RO         7208  * .ARM.Collect$$$$00000000  mc_w.l(entry.o)
    0x00026200   0x00000004   Code   RO         7262    .ARM.Collect$$$$00000001  mc_w.l(entry2.o)
    0x00026204   0x00000004   Code   RO         7265    .ARM.Collect$$$$00000004  mc_w.l(entry5.o)
    0x00026208   0x00000000   Code   RO         7267    .ARM.Collect$$$$00000008  mc_w.l(entry7b.o)
    0x00026208   0x00000000   Code   RO         7269    .ARM.Collect$$$$0000000A  mc_w.l(entry8b.o)
    0x00026208   0x00000008   Code   RO         7270    .ARM.Collect$$$$0000000B  mc_w.l(entry9a.o)
    0x00026210   0x00000000   Code   RO         7272    .ARM.Collect$$$$0000000D  mc_w.l(entry10a.o)
    0x00026210   0x00000000   Code   RO         7274    .ARM.Collect$$$$0000000F  mc_w.l(entry11a.o)
    0x00026210   0x00000004   Code   RO         7263    .ARM.Collect$$$$00002712  mc_w.l(entry2.o)
    0x00026214   0x000000c8   Code   RO         5196    .emb_text           nrf_atfifo.o
    0x000262dc   0x000000e2   Code   RO         5332    .emb_text           nrf_atomic.o
    0x000263be   0x00000002   PAD
    0x000263c0   0x00000024   Code   RO         7168    .text               arm_startup_nrf52.o
    0x000263e4   0x00000062   Code   RO         7216    .text               mc_w.l(uldiv.o)
    0x00026446   0x0000001e   Code   RO         7218    .text               mc_w.l(llshl.o)
    0x00026464   0x00000008   Code   RO         7220    .text               mc_w.l(ctype_o.o)
    0x0002646c   0x00000024   Code   RO         7248    .text               mc_w.l(memcpya.o)
    0x00026490   0x00000024   Code   RO         7250    .text               mc_w.l(memseta.o)
    0x000264b4   0x0000000e   Code   RO         7252    .text               mc_w.l(strlen.o)
    0x000264c2   0x0000001a   Code   RO         7256    .text               mc_w.l(memcmp.o)
    0x000264dc   0x00000012   Code   RO         7258    .text               mc_w.l(strcpy.o)
    0x000264ee   0x00000020   Code   RO         7277    .text               mc_w.l(llushr.o)
    0x0002650e   0x00000002   PAD
    0x00026510   0x00000024   Code   RO         7280    .text               mc_w.l(init.o)
    0x00026534   0x00000056   Code   RO         7290    .text               mc_w.l(__dczerorl2.o)
    0x0002658a   0x00000002   PAD
    0x0002658c   0x000000a4   Code   RO         3463    i.GPIOTE_IRQHandler  nrfx_gpiote.o
    0x00026630   0x00000058   Code   RO         3324    i.POWER_CLOCK_IRQHandler  nrfx_clock.o
    0x00026688   0x00000010   Code   RO         4660    i.RTC1_IRQHandler   drv_rtc.o
    0x00026698   0x00000004   Code   RO         6610    i.SEGGER_RTT_Init   segger_rtt.o
    0x0002669c   0x0000005c   Code   RO         6624    i.SEGGER_RTT_WriteNoLock  segger_rtt.o
    0x000266f8   0x00000004   Code   RO         6958    i.SWI2_EGU2_IRQHandler  nrf_sdh.o
    0x000266fc   0x0000031c   Code   RO         7176    i.SystemInit        system_nrf52.o
    0x00026a18   0x00000038   Code   RO            4    i.TIME_timeout_handler1  main.o
    0x00026a50   0x00000038   Code   RO            5    i.TIME_timeout_handler2  main.o
    0x00026a88   0x0000000c   Code   RO         3768    i.UARTE0_UART0_IRQHandler  nrfx_prs.o
    0x00026a94   0x00000068   Code   RO         6628    i._DoInit           segger_rtt.o
    0x00026afc   0x00000016   Code   RO         6629    i._GetAvailWriteSpace  segger_rtt.o
    0x00026b12   0x0000005a   Code   RO         6631    i._WriteBlocking    segger_rtt.o
    0x00026b6c   0x00000042   Code   RO         6632    i._WriteNoCheck     segger_rtt.o
    0x00026bae   0x0000000e   Code   RO         7284    i.__scatterload_copy  mc_w.l(handlers.o)
    0x00026bbc   0x00000002   Code   RO         7285    i.__scatterload_null  mc_w.l(handlers.o)
    0x00026bbe   0x0000000e   Code   RO         7286    i.__scatterload_zeroinit  mc_w.l(handlers.o)
    0x00026bcc   0x00000024   Code   RO         6959    i.__sd_nvic_app_accessible_irq  nrf_sdh.o
    0x00026bf0   0x0000013c   Code   RO         2519    i._conn_secure      peer_manager_handler.o
    0x00026d2c   0x00000026   Code   RO         1549    i.addr_compare      id_manager.o
    0x00026d52   0x0000000c   Code   RO         5584    i.addr_is_aligned32  nrf_fstorage.o
    0x00026d5e   0x00000018   Code   RO         5585    i.addr_is_within_bounds  nrf_fstorage.o
    0x00026d76   0x00000010   Code   RO          890    i.adv_set_data_size_max_get  ble_advertising.o
    0x00026d86   0x00000036   Code   RO          650    i.advertising_buttons_configure  bsp_btn_ble.o
    0x00026dbc   0x00000050   Code   RO            6    i.advertising_start  main.o
    0x00026e0c   0x00000052   Code   RO         1550    i.ah                id_manager.o
    0x00026e5e   0x00000006   Code   RO          533    i.alert_timer_handler  bsp.o
    0x00026e64   0x0000000c   Code   RO         2663    i.allow_repairing   security_dispatcher.o
    0x00026e70   0x00000024   Code   RO         4171    i.app_button_enable  app_button.o
    0x00026e94   0x00000080   Code   RO         4172    i.app_button_init   app_button.o
    0x00026f14   0x00000084   Code   RO         4329    i.app_error_fault_handler  app_error_weak.o
    0x00026f98   0x00000016   Code   RO         4269    i.app_error_handler_bare  app_error.o
    0x00026fae   0x00000002   PAD
    0x00026fb0   0x0000000c   Code   RO         4424    i.app_timer_cnt_get  app_timer2.o
    0x00026fbc   0x00000016   Code   RO         4425    i.app_timer_create  app_timer2.o
    0x00026fd2   0x00000002   PAD
    0x00026fd4   0x0000005c   Code   RO         4426    i.app_timer_init    app_timer2.o
    0x00027030   0x00000030   Code   RO         4429    i.app_timer_start   app_timer2.o
    0x00027060   0x0000000c   Code   RO         4430    i.app_timer_stop    app_timer2.o
    0x0002706c   0x00000048   Code   RO         4565    i.app_util_critical_region_enter  app_util_platform.o
    0x000270b4   0x00000034   Code   RO         4566    i.app_util_critical_region_exit  app_util_platform.o
    0x000270e8   0x00000088   Code   RO         3822    i.apply_config      nrfx_uart.o
    0x00027170   0x00000088   Code   RO         4010    i.apply_config      nrfx_uarte.o
    0x000271f8   0x00000004   Code   RO         1288    i.apply_pending_handle  gatt_cache_manager.o
    0x000271fc   0x00000180   Code   RO         2664    i.auth_status_success_process  security_dispatcher.o
    0x0002737c   0x00000182   Code   RO          784    i.ble_advdata_encode  ble_advdata.o
    0x000274fe   0x00000020   Code   RO          786    i.ble_advdata_parse  ble_advdata.o
    0x0002751e   0x00000046   Code   RO          787    i.ble_advdata_search  ble_advdata.o
    0x00027564   0x00000006   Code   RO          892    i.ble_advertising_conn_cfg_tag_set  ble_advertising.o
    0x0002756a   0x000000f8   Code   RO          893    i.ble_advertising_init  ble_advertising.o
    0x00027662   0x0000006a   Code   RO          895    i.ble_advertising_on_ble_evt  ble_advertising.o
    0x000276cc   0x0000003a   Code   RO          897    i.ble_advertising_restart_without_whitelist  ble_advertising.o
    0x00027706   0x00000230   Code   RO          898    i.ble_advertising_start  ble_advertising.o
    0x00027936   0x00000002   PAD
    0x00027938   0x00000068   Code   RO          983    i.ble_conn_params_init  ble_conn_params.o
    0x000279a0   0x00000020   Code   RO         1059    i.ble_conn_state_encrypted  ble_conn_state.o
    0x000279c0   0x0000002c   Code   RO         1061    i.ble_conn_state_for_each_set_user_flag  ble_conn_state.o
    0x000279ec   0x00000020   Code   RO         1063    i.ble_conn_state_lesc  ble_conn_state.o
    0x00027a0c   0x00000020   Code   RO         1064    i.ble_conn_state_mitm_protected  ble_conn_state.o
    0x00027a2c   0x00000024   Code   RO         1067    i.ble_conn_state_role  ble_conn_state.o
    0x00027a50   0x00000024   Code   RO         1068    i.ble_conn_state_status  ble_conn_state.o
    0x00027a74   0x00000018   Code   RO         1069    i.ble_conn_state_user_flag_acquire  ble_conn_state.o
    0x00027a8c   0x00000030   Code   RO         1070    i.ble_conn_state_user_flag_get  ble_conn_state.o
    0x00027abc   0x00000038   Code   RO         1071    i.ble_conn_state_user_flag_set  ble_conn_state.o
    0x00027af4   0x00000014   Code   RO         1072    i.ble_conn_state_valid  ble_conn_state.o
    0x00027b08   0x00000060   Code   RO          790    i.ble_device_addr_encode  ble_advdata.o
    0x00027b68   0x000000b4   Code   RO            8    i.ble_evt_handler   main.o
    0x00027c1c   0x00000070   Code   RO          651    i.ble_evt_handler   bsp_btn_ble.o
    0x00027c8c   0x000000fc   Code   RO          985    i.ble_evt_handler   ble_conn_params.o
    0x00027d88   0x00000118   Code   RO         1073    i.ble_evt_handler   ble_conn_state.o
    0x00027ea0   0x00000028   Code   RO         2213    i.ble_evt_handler   peer_manager.o
    0x00027ec8   0x00000008   Code   RO         1228    i.ble_srv_is_notification_enabled  ble_srv_common.o
    0x00027ed0   0x0000000c   Code   RO          420    i.bsp_board_button_idx_to_pin  boards.o
    0x00027edc   0x00000020   Code   RO          421    i.bsp_board_button_state_get  boards.o
    0x00027efc   0x00000054   Code   RO          422    i.bsp_board_init    boards.o
    0x00027f50   0x00000024   Code   RO          424    i.bsp_board_led_invert  boards.o
    0x00027f74   0x00000010   Code   RO          425    i.bsp_board_led_off  boards.o
    0x00027f84   0x00000010   Code   RO          426    i.bsp_board_led_on  boards.o
    0x00027f94   0x00000020   Code   RO          427    i.bsp_board_led_state_get  boards.o
    0x00027fb4   0x00000012   Code   RO          428    i.bsp_board_leds_off  boards.o
    0x00027fc6   0x00000012   Code   RO          429    i.bsp_board_leds_on  boards.o
    0x00027fd8   0x00000024   Code   RO          430    i.bsp_board_pin_to_button_idx  boards.o
    0x00027ffc   0x00000038   Code   RO          652    i.bsp_btn_ble_init  bsp_btn_ble.o
    0x00028034   0x0000001e   Code   RO          653    i.bsp_btn_ble_sleep_mode_prepare  bsp_btn_ble.o
    0x00028052   0x00000002   PAD
    0x00028054   0x00000090   Code   RO          534    i.bsp_button_event_handler  bsp.o
    0x000280e4   0x0000000c   Code   RO          535    i.bsp_button_is_pressed  bsp.o
    0x000280f0   0x0000004c   Code   RO            9    i.bsp_event_handler  main.o
    0x0002813c   0x00000044   Code   RO          538    i.bsp_event_to_button_action_assign  bsp.o
    0x00028180   0x00000018   Code   RO          539    i.bsp_indication_set  bsp.o
    0x00028198   0x00000094   Code   RO          540    i.bsp_init          bsp.o
    0x0002822c   0x000001c8   Code   RO          541    i.bsp_led_indication  bsp.o
    0x000283f4   0x00000006   Code   RO          543    i.bsp_wakeup_button_enable  bsp.o
    0x000283fa   0x00000002   PAD
    0x000283fc   0x00000094   Code   RO         6364    i.buf_prealloc      nrf_log_frontend.o
    0x00028490   0x0000002e   Code   RO         5544    i.buffer_add        nrf_fprintf_format.o
    0x000284be   0x00000002   PAD
    0x000284c0   0x00000018   Code   RO         6365    i.buffer_is_empty   nrf_log_frontend.o
    0x000284d8   0x00000028   Code   RO         4174    i.button_get        app_button.o
    0x00028500   0x00000008   Code   RO          544    i.button_timer_handler  bsp.o
    0x00028508   0x00000028   Code   RO         1289    i.car_update_needed  gatt_cache_manager.o
    0x00028530   0x00000040   Code   RO         1290    i.car_update_pending_handle  gatt_cache_manager.o
    0x00028570   0x0000001c   Code   RO         3464    i.channel_free      nrfx_gpiote.o
    0x0002858c   0x00000048   Code   RO         3465    i.channel_port_alloc  nrfx_gpiote.o
    0x000285d4   0x00000010   Code   RO         3466    i.channel_port_get  nrfx_gpiote.o
    0x000285e4   0x0000003e   Code   RO         2123    i.claim             peer_id.o
    0x00028622   0x00000002   PAD
    0x00028624   0x00000028   Code   RO         2979    i.clock_clk_started_notify  nrf_drv_clock.o
    0x0002864c   0x0000001c   Code   RO         2980    i.clock_irq_handler  nrf_drv_clock.o
    0x00028668   0x00000018   Code   RO         4432    i.compare_func      app_timer2.o
    0x00028680   0x0000003e   Code   RO         1074    i.conn_handle_list_get  ble_conn_state.o
    0x000286be   0x00000088   Code   RO          791    i.conn_int_encode   ble_advdata.o
    0x00028746   0x00000004   Code   RO           10    i.conn_params_error_handler  main.o
    0x0002874a   0x00000002   PAD
    0x0002874c   0x00000048   Code   RO          986    i.conn_params_negotiation  ble_conn_params.o
    0x00028794   0x00000044   Code   RO         2665    i.conn_sec_failure  security_dispatcher.o
    0x000287d8   0x00000004   Code   RO         2520    i.conn_secure       peer_manager_handler.o
    0x000287dc   0x000000c0   Code   RO         1718    i.data_length_update  nrf_ble_gatt.o
    0x0002889c   0x00000030   Code   RO         1291    i.db_update_pending_handle  gatt_cache_manager.o
    0x000288cc   0x0000008c   Code   RO         4829    i.delete_execute    fds.o
    0x00028958   0x00000048   Code   RO         4175    i.detection_delay_timeout_handler  app_button.o
    0x000289a0   0x00000014   Code   RO         6366    i.dropped_sat16_get  nrf_log_frontend.o
    0x000289b4   0x00000014   Code   RO         4661    i.drv_rtc_compare_disable  drv_rtc.o
    0x000289c8   0x0000000e   Code   RO         4664    i.drv_rtc_compare_pending  drv_rtc.o
    0x000289d6   0x00000050   Code   RO         4665    i.drv_rtc_compare_set  drv_rtc.o
    0x00028a26   0x00000008   Code   RO         4666    i.drv_rtc_counter_get  drv_rtc.o
    0x00028a2e   0x00000002   PAD
    0x00028a30   0x000000d8   Code   RO         4667    i.drv_rtc_init      drv_rtc.o
    0x00028b08   0x0000001e   Code   RO         4668    i.drv_rtc_irq_trigger  drv_rtc.o
    0x00028b26   0x00000008   Code   RO         4670    i.drv_rtc_overflow_enable  drv_rtc.o
    0x00028b2e   0x00000008   Code   RO         4671    i.drv_rtc_overflow_pending  drv_rtc.o
    0x00028b36   0x00000008   Code   RO         4672    i.drv_rtc_start     drv_rtc.o
    0x00028b3e   0x00000008   Code   RO         4673    i.drv_rtc_stop      drv_rtc.o
    0x00028b46   0x000000de   Code   RO         4678    i.drv_rtc_windowed_compare_set  drv_rtc.o
    0x00028c24   0x0000000a   Code   RO         2666    i.encryption_failure  security_dispatcher.o
    0x00028c2e   0x00000002   PAD
    0x00028c30   0x0000004c   Code   RO         5671    i.erase             nrf_fstorage_sd.o
    0x00028c7c   0x00000074   Code   RO         4830    i.event_prepare     fds.o
    0x00028cf0   0x00000020   Code   RO         4831    i.event_send        fds.o
    0x00028d10   0x00000054   Code   RO         5672    i.event_send        nrf_fstorage_sd.o
    0x00028d64   0x00000098   Code   RO         2804    i.events_send_from_err_code  security_manager.o
    0x00028dfc   0x00000012   Code   RO         4679    i.evt_enable        drv_rtc.o
    0x00028e0e   0x00000002   PAD
    0x00028e10   0x000000e0   Code   RO         4176    i.evt_handle        app_button.o
    0x00028ef0   0x00000014   Code   RO         4680    i.evt_pending       drv_rtc.o
    0x00028f04   0x0000001c   Code   RO         1292    i.evt_send          gatt_cache_manager.o
    0x00028f20   0x0000001c   Code   RO         1454    i.evt_send          gatts_cache_manager.o
    0x00028f3c   0x0000002c   Code   RO         2214    i.evt_send          peer_manager.o
    0x00028f68   0x0000001c   Code   RO         2667    i.evt_send          security_dispatcher.o
    0x00028f84   0x0000000c   Code   RO         2805    i.evt_send          security_manager.o
    0x00028f90   0x000000e0   Code   RO         1861    i.fds_evt_handler   peer_data_storage.o
    0x00029070   0x00000048   Code   RO         4833    i.fds_file_delete   fds.o
    0x000290b8   0x00000040   Code   RO         4834    i.fds_gc            fds.o
    0x000290f8   0x000000e4   Code   RO         4835    i.fds_init          fds.o
    0x000291dc   0x00000048   Code   RO         4836    i.fds_record_close  fds.o
    0x00029224   0x0000000e   Code   RO         4838    i.fds_record_find   fds.o
    0x00029232   0x00000010   Code   RO         4839    i.fds_record_find_by_key  fds.o
    0x00029242   0x00000010   Code   RO         4840    i.fds_record_find_in_file  fds.o
    0x00029252   0x00000012   Code   RO         4841    i.fds_record_id_from_desc  fds.o
    0x00029264   0x0000004c   Code   RO         4843    i.fds_record_open   fds.o
    0x000292b0   0x00000010   Code   RO         4844    i.fds_record_update  fds.o
    0x000292c0   0x00000008   Code   RO         4845    i.fds_record_write  fds.o
    0x000292c8   0x00000030   Code   RO         4847    i.fds_register      fds.o
    0x000292f8   0x000000a0   Code   RO         4850    i.fds_stat          fds.o
    0x00029398   0x00000014   Code   RO         1862    i.file_id_within_pm_range  peer_data_storage.o
    0x000293ac   0x00000012   Code   RO         2668    i.flag_id_init      security_dispatcher.o
    0x000293be   0x00000012   Code   RO         2806    i.flag_id_init      security_manager.o
    0x000293d0   0x0000000a   Code   RO         1075    i.flag_toggle       ble_conn_state.o
    0x000293da   0x00000028   Code   RO          900    i.flags_set         ble_advertising.o
    0x00029402   0x00000002   PAD
    0x00029404   0x00000030   Code   RO         2807    i.flags_set_from_err_code  security_manager.o
    0x00029434   0x00000030   Code   RO         1076    i.for_each_set_flag  ble_conn_state.o
    0x00029464   0x00000006   Code   RO         4851    i.fs_event_handler  fds.o
    0x0002946a   0x00000002   PAD
    0x0002946c   0x00000078   Code   RO         4852    i.gc_execute        fds.o
    0x000294e4   0x0000004c   Code   RO         4853    i.gc_next_page      fds.o
    0x00029530   0x00000040   Code   RO         4854    i.gc_page_erase     fds.o
    0x00029570   0x00000034   Code   RO         4855    i.gc_record_copy    fds.o
    0x000295a4   0x00000024   Code   RO         4856    i.gc_record_find_next  fds.o
    0x000295c8   0x00000070   Code   RO         4857    i.gc_state_advance  fds.o
    0x00029638   0x00000030   Code   RO         4858    i.gc_swap_pages     fds.o
    0x00029668   0x00000230   Code   RO         1293    i.gcm_ble_evt_handler  gatt_cache_manager.o
    0x00029898   0x0000003c   Code   RO         1294    i.gcm_im_evt_handler  gatt_cache_manager.o
    0x000298d4   0x00000094   Code   RO         1295    i.gcm_init          gatt_cache_manager.o
    0x00029968   0x00000088   Code   RO         1298    i.gcm_pdb_evt_handler  gatt_cache_manager.o
    0x000299f0   0x00000034   Code   RO         4433    i.get_now           app_timer2.o
    0x00029a24   0x0000003c   Code   RO         4177    i.gpiote_event_handler  app_button.o
    0x00029a60   0x0000001c   Code   RO         1455    i.gscm_db_change_notification_done  gatts_cache_manager.o
    0x00029a7c   0x00000014   Code   RO         1456    i.gscm_init         gatts_cache_manager.o
    0x00029a90   0x00000090   Code   RO         1458    i.gscm_local_db_cache_apply  gatts_cache_manager.o
    0x00029b20   0x000000ac   Code   RO         1459    i.gscm_local_db_cache_update  gatts_cache_manager.o
    0x00029bcc   0x00000018   Code   RO         1460    i.gscm_pdb_evt_handler  gatts_cache_manager.o
    0x00029be4   0x0000001e   Code   RO         1461    i.gscm_service_changed_ind_needed  gatts_cache_manager.o
    0x00029c02   0x00000002   PAD
    0x00029c04   0x0000005c   Code   RO         1462    i.gscm_service_changed_ind_send  gatts_cache_manager.o
    0x00029c60   0x0000002c   Code   RO         4859    i.header_check      fds.o
    0x00029c8c   0x00000012   Code   RO         4860    i.header_has_next   fds.o
    0x00029c9e   0x00000046   Code   RO         1551    i.im_address_resolve  id_manager.o
    0x00029ce4   0x00000038   Code   RO         1552    i.im_ble_addr_get   id_manager.o
    0x00029d1c   0x000000dc   Code   RO         1553    i.im_ble_evt_handler  id_manager.o
    0x00029df8   0x00000040   Code   RO         1554    i.im_conn_handle_get  id_manager.o
    0x00029e38   0x00000038   Code   RO         1556    i.im_find_duplicate_bonding_data  id_manager.o
    0x00029e70   0x00000072   Code   RO         1559    i.im_is_duplicate_bonding_data  id_manager.o
    0x00029ee2   0x00000018   Code   RO         1560    i.im_master_id_is_valid  id_manager.o
    0x00029efa   0x0000002a   Code   RO         1561    i.im_master_ids_compare  id_manager.o
    0x00029f24   0x00000014   Code   RO         1562    i.im_new_peer_id    id_manager.o
    0x00029f38   0x0000002c   Code   RO         1563    i.im_peer_free      id_manager.o
    0x00029f64   0x00000024   Code   RO         1564    i.im_peer_id_get_by_conn_handle  id_manager.o
    0x00029f88   0x0000003c   Code   RO         1565    i.im_peer_id_get_by_master_id  id_manager.o
    0x00029fc4   0x00000034   Code   RO         5673    i.init              nrf_fstorage_sd.o
    0x00029ff8   0x000000c8   Code   RO         4861    i.init_execute      fds.o
    0x0002a0c0   0x00000014   Code   RO          987    i.instance_get      ble_conn_params.o
    0x0002a0d4   0x000000a6   Code   RO         5545    i.int_print         nrf_fprintf_format.o
    0x0002a17a   0x00000002   PAD
    0x0002a17c   0x00000088   Code   RO         4011    i.interrupts_enable  nrfx_uarte.o
    0x0002a204   0x00000034   Code   RO         6367    i.invalid_packets_omit  nrf_log_frontend.o
    0x0002a238   0x00000010   Code   RO         5674    i.is_busy           nrf_fstorage_sd.o
    0x0002a248   0x00000044   Code   RO          988    i.is_conn_params_ok  ble_conn_params.o
    0x0002a28c   0x00000014   Code   RO         1570    i.is_valid_irk      id_manager.o
    0x0002a2a0   0x0000000c   Code   RO         4862    i.is_word_aligned   fds.o
    0x0002a2ac   0x00000030   Code   RO          545    i.leds_off          bsp.o
    0x0002a2dc   0x00000014   Code   RO          546    i.leds_timer_handler  bsp.o
    0x0002a2f0   0x00000014   Code   RO         1719    i.link_init         nrf_ble_gatt.o
    0x0002a304   0x000000d0   Code   RO         2808    i.link_secure       security_manager.o
    0x0002a3d4   0x0000003c   Code   RO         2669    i.link_secure_failure  security_dispatcher.o
    0x0002a410   0x0000002c   Code   RO         2809    i.link_secure_pending_handle  security_manager.o
    0x0002a43c   0x000000a8   Code   RO         1299    i.local_db_apply_in_evt  gatt_cache_manager.o
    0x0002a4e4   0x00000010   Code   RO         1300    i.local_db_update   gatt_cache_manager.o
    0x0002a4f4   0x0000010c   Code   RO         1301    i.local_db_update_in_evt  gatt_cache_manager.o
    0x0002a600   0x000000a4   Code   RO         6368    i.log_skip          nrf_log_frontend.o
    0x0002a6a4   0x00000240   Code   RO           11    i.main              main.o
    0x0002a8e4   0x00000064   Code   RO          792    i.manuf_specific_data_encode  ble_advdata.o
    0x0002a948   0x0000007e   Code   RO         5783    i.memobj_op         nrf_memobj.o
    0x0002a9c6   0x00000002   PAD
    0x0002a9c8   0x00000030   Code   RO         6369    i.module_idx_get    nrf_log_frontend.o
    0x0002a9f8   0x00000008   Code   RO         2616    i.mutex_lock_status_get  pm_buffer.o
    0x0002aa00   0x000000a6   Code   RO          793    i.name_encode       ble_advdata.o
    0x0002aaa6   0x00000002   PAD
    0x0002aaa8   0x00000014   Code   RO         2810    i.new_context_get   security_manager.o
    0x0002aabc   0x00000032   Code   RO         2811    i.new_evt           security_manager.o
    0x0002aaee   0x00000030   Code   RO         2124    i.next_id_get       peer_id.o
    0x0002ab1e   0x00000010   Code   RO         5198    i.nrf_atfifo_clear  nrf_atfifo.o
    0x0002ab2e   0x00000026   Code   RO         5200    i.nrf_atfifo_init   nrf_atfifo.o
    0x0002ab54   0x00000016   Code   RO         5201    i.nrf_atfifo_item_alloc  nrf_atfifo.o
    0x0002ab6a   0x00000016   Code   RO         5202    i.nrf_atfifo_item_free  nrf_atfifo.o
    0x0002ab80   0x00000016   Code   RO         5203    i.nrf_atfifo_item_get  nrf_atfifo.o
    0x0002ab96   0x00000016   Code   RO         5204    i.nrf_atfifo_item_put  nrf_atfifo.o
    0x0002abac   0x00000016   Code   RO         5266    i.nrf_atflags_clear  nrf_atflags.o
    0x0002abc2   0x00000020   Code   RO         5268    i.nrf_atflags_fetch_set  nrf_atflags.o
    0x0002abe2   0x0000004a   Code   RO         5270    i.nrf_atflags_find_and_set_flag  nrf_atflags.o
    0x0002ac2c   0x00000016   Code   RO         5271    i.nrf_atflags_get   nrf_atflags.o
    0x0002ac42   0x00000014   Code   RO         5273    i.nrf_atflags_set   nrf_atflags.o
    0x0002ac56   0x00000006   Code   RO         5334    i.nrf_atomic_flag_clear_fetch  nrf_atomic.o
    0x0002ac5c   0x00000006   Code   RO         5335    i.nrf_atomic_flag_set  nrf_atomic.o
    0x0002ac62   0x00000006   Code   RO         5336    i.nrf_atomic_flag_set_fetch  nrf_atomic.o
    0x0002ac68   0x0000000c   Code   RO         5337    i.nrf_atomic_u32_add  nrf_atomic.o
    0x0002ac74   0x0000000c   Code   RO         5338    i.nrf_atomic_u32_and  nrf_atomic.o
    0x0002ac80   0x0000000a   Code   RO         5340    i.nrf_atomic_u32_fetch_add  nrf_atomic.o
    0x0002ac8a   0x0000000a   Code   RO         5341    i.nrf_atomic_u32_fetch_and  nrf_atomic.o
    0x0002ac94   0x0000000a   Code   RO         5342    i.nrf_atomic_u32_fetch_or  nrf_atomic.o
    0x0002ac9e   0x0000000a   Code   RO         5343    i.nrf_atomic_u32_fetch_store  nrf_atomic.o
    0x0002aca8   0x0000000c   Code   RO         5347    i.nrf_atomic_u32_or  nrf_atomic.o
    0x0002acb4   0x0000000c   Code   RO         5349    i.nrf_atomic_u32_sub  nrf_atomic.o
    0x0002acc0   0x00000044   Code   RO         5468    i.nrf_balloc_alloc  nrf_balloc.o
    0x0002ad04   0x00000030   Code   RO         5469    i.nrf_balloc_free   nrf_balloc.o
    0x0002ad34   0x00000030   Code   RO         5470    i.nrf_balloc_init   nrf_balloc.o
    0x0002ad64   0x00000010   Code   RO         3467    i.nrf_bitmask_bit_is_set  nrfx_gpiote.o
    0x0002ad74   0x00000022   Code   RO         1725    i.nrf_ble_gatt_init  nrf_ble_gatt.o
    0x0002ad96   0x00000002   PAD
    0x0002ad98   0x00000150   Code   RO         1726    i.nrf_ble_gatt_on_ble_evt  nrf_ble_gatt.o
    0x0002aee8   0x00000016   Code   RO         1820    i.nrf_ble_qwr_conn_handle_assign  nrf_ble_qwr.o
    0x0002aefe   0x00000024   Code   RO         1821    i.nrf_ble_qwr_init  nrf_ble_qwr.o
    0x0002af22   0x000000b6   Code   RO         1822    i.nrf_ble_qwr_on_ble_evt  nrf_ble_qwr.o
    0x0002afd8   0x0000000e   Code   RO         3325    i.nrf_clock_event_check  nrfx_clock.o
    0x0002afe6   0x00000010   Code   RO         3326    i.nrf_clock_event_clear  nrfx_clock.o
    0x0002aff6   0x00000002   PAD
    0x0002aff8   0x00000040   Code   RO         2987    i.nrf_drv_clock_init  nrf_drv_clock.o
    0x0002b038   0x00000034   Code   RO         2991    i.nrf_drv_clock_lfclk_release  nrf_drv_clock.o
    0x0002b06c   0x00000068   Code   RO         3133    i.nrf_drv_uart_init  nrf_drv_uart.o
    0x0002b0d4   0x0000001a   Code   RO         5505    i.nrf_fprintf       nrf_fprintf.o
    0x0002b0ee   0x00000018   Code   RO         5506    i.nrf_fprintf_buffer_flush  nrf_fprintf.o
    0x0002b106   0x000001da   Code   RO         5546    i.nrf_fprintf_fmt   nrf_fprintf_format.o
    0x0002b2e0   0x00000138   Code   RO         5586    i.nrf_fstorage_erase  nrf_fstorage.o
    0x0002b418   0x00000094   Code   RO         5587    i.nrf_fstorage_init  nrf_fstorage.o
    0x0002b4ac   0x00000018   Code   RO         5675    i.nrf_fstorage_sdh_req_handler  nrf_fstorage_sd.o
    0x0002b4c4   0x00000020   Code   RO         5676    i.nrf_fstorage_sdh_state_handler  nrf_fstorage_sd.o
    0x0002b4e4   0x000000a4   Code   RO         5677    i.nrf_fstorage_sys_evt_handler  nrf_fstorage_sd.o
    0x0002b588   0x000001dc   Code   RO         5593    i.nrf_fstorage_write  nrf_fstorage.o
    0x0002b764   0x00000024   Code   RO          432    i.nrf_gpio_cfg      boards.o
    0x0002b788   0x00000024   Code   RO         3468    i.nrf_gpio_cfg      nrfx_gpiote.o
    0x0002b7ac   0x00000024   Code   RO         3823    i.nrf_gpio_cfg      nrfx_uart.o
    0x0002b7d0   0x00000024   Code   RO         4012    i.nrf_gpio_cfg      nrfx_uarte.o
    0x0002b7f4   0x00000012   Code   RO         3824    i.nrf_gpio_cfg_default  nrfx_uart.o
    0x0002b806   0x00000012   Code   RO         4013    i.nrf_gpio_cfg_default  nrfx_uarte.o
    0x0002b818   0x00000012   Code   RO         3825    i.nrf_gpio_cfg_input  nrfx_uart.o
    0x0002b82a   0x00000012   Code   RO         4014    i.nrf_gpio_cfg_input  nrfx_uarte.o
    0x0002b83c   0x00000014   Code   RO         3826    i.nrf_gpio_cfg_output  nrfx_uart.o
    0x0002b850   0x00000014   Code   RO         4015    i.nrf_gpio_cfg_output  nrfx_uarte.o
    0x0002b864   0x00000022   Code   RO         3470    i.nrf_gpio_cfg_sense_set  nrfx_gpiote.o
    0x0002b886   0x00000002   PAD
    0x0002b888   0x0000002c   Code   RO         3471    i.nrf_gpio_latches_read_and_clear  nrfx_gpiote.o
    0x0002b8b4   0x0000001e   Code   RO         3472    i.nrf_gpio_pin_present_check  nrfx_gpiote.o
    0x0002b8d2   0x0000001c   Code   RO           12    i.nrf_gpio_pin_toggle  main.o
    0x0002b8ee   0x00000016   Code   RO          433    i.nrf_gpio_pin_write  boards.o
    0x0002b904   0x00000014   Code   RO         3473    i.nrf_gpiote_event_clear  nrfx_gpiote.o
    0x0002b918   0x00000010   Code   RO         3474    i.nrf_gpiote_event_is_set  nrfx_gpiote.o
    0x0002b928   0x0000005c   Code   RO         6370    i.nrf_log_backend_add  nrf_log_frontend.o
    0x0002b984   0x00000002   Code   RO         6147    i.nrf_log_backend_rtt_flush  nrf_log_backend_rtt.o
    0x0002b986   0x00000004   Code   RO         6148    i.nrf_log_backend_rtt_init  nrf_log_backend_rtt.o
    0x0002b98a   0x00000002   Code   RO         6149    i.nrf_log_backend_rtt_panic_set  nrf_log_backend_rtt.o
    0x0002b98c   0x00000018   Code   RO         6150    i.nrf_log_backend_rtt_put  nrf_log_backend_rtt.o
    0x0002b9a4   0x000000c8   Code   RO         6216    i.nrf_log_backend_serial_put  nrf_log_backend_serial.o
    0x0002ba6c   0x00000002   Code   RO         6250    i.nrf_log_backend_uart_flush  nrf_log_backend_uart.o
    0x0002ba6e   0x00000006   Code   RO         6251    i.nrf_log_backend_uart_init  nrf_log_backend_uart.o
    0x0002ba74   0x0000002c   Code   RO         6252    i.nrf_log_backend_uart_panic_set  nrf_log_backend_uart.o
    0x0002baa0   0x00000018   Code   RO         6253    i.nrf_log_backend_uart_put  nrf_log_backend_uart.o
    0x0002bab8   0x00000030   Code   RO         6372    i.nrf_log_color_id_get  nrf_log_frontend.o
    0x0002bae8   0x00000034   Code   RO         6323    i.nrf_log_default_backends_init  nrf_log_default_backends.o
    0x0002bb1c   0x00000238   Code   RO         6373    i.nrf_log_frontend_dequeue  nrf_log_frontend.o
    0x0002bd54   0x00000008   Code   RO         6375    i.nrf_log_frontend_std_0  nrf_log_frontend.o
    0x0002bd5c   0x0000000e   Code   RO         6376    i.nrf_log_frontend_std_1  nrf_log_frontend.o
    0x0002bd6a   0x00000010   Code   RO         6377    i.nrf_log_frontend_std_2  nrf_log_frontend.o
    0x0002bd7a   0x00000012   Code   RO         6378    i.nrf_log_frontend_std_3  nrf_log_frontend.o
    0x0002bd8c   0x00000014   Code   RO         6379    i.nrf_log_frontend_std_4  nrf_log_frontend.o
    0x0002bda0   0x000000b0   Code   RO         6551    i.nrf_log_hexdump_entry_process  nrf_log_str_formatter.o
    0x0002be50   0x00000028   Code   RO         6382    i.nrf_log_init      nrf_log_frontend.o
    0x0002be78   0x00000014   Code   RO         6383    i.nrf_log_module_cnt_get  nrf_log_frontend.o
    0x0002be8c   0x0000001c   Code   RO         6386    i.nrf_log_module_name_get  nrf_log_frontend.o
    0x0002bea8   0x00000028   Code   RO         6387    i.nrf_log_panic     nrf_log_frontend.o
    0x0002bed0   0x000000b6   Code   RO         6552    i.nrf_log_std_entry_process  nrf_log_str_formatter.o
    0x0002bf86   0x00000060   Code   RO         5784    i.nrf_memobj_alloc  nrf_memobj.o
    0x0002bfe6   0x00000032   Code   RO         5785    i.nrf_memobj_free   nrf_memobj.o
    0x0002c018   0x00000008   Code   RO         5786    i.nrf_memobj_get    nrf_memobj.o
    0x0002c020   0x00000004   Code   RO         5787    i.nrf_memobj_pool_init  nrf_memobj.o
    0x0002c024   0x0000001e   Code   RO         5788    i.nrf_memobj_put    nrf_memobj.o
    0x0002c042   0x00000010   Code   RO         5789    i.nrf_memobj_read   nrf_memobj.o
    0x0002c052   0x00000010   Code   RO         5790    i.nrf_memobj_write  nrf_memobj.o
    0x0002c062   0x00000002   PAD
    0x0002c064   0x00000028   Code   RO         5862    i.nrf_pwr_mgmt_init  nrf_pwr_mgmt.o
    0x0002c08c   0x00000044   Code   RO         5863    i.nrf_pwr_mgmt_run  nrf_pwr_mgmt.o
    0x0002c0d0   0x00000004   Code   RO           13    i.nrf_qwr_error_handler  main.o
    0x0002c0d4   0x0000001c   Code   RO         5936    i.nrf_ringbuf_init  nrf_ringbuf.o
    0x0002c0f0   0x0000000c   Code   RO         4681    i.nrf_rtc_event_clear  drv_rtc.o
    0x0002c0fc   0x00000014   Code   RO         7079    i.nrf_sdh_ble_app_ram_start_get  nrf_sdh_ble.o
    0x0002c110   0x00000100   Code   RO         7080    i.nrf_sdh_ble_default_cfg_set  nrf_sdh_ble.o
    0x0002c210   0x00000130   Code   RO         7081    i.nrf_sdh_ble_enable  nrf_sdh_ble.o
    0x0002c340   0x0000005c   Code   RO         7082    i.nrf_sdh_ble_evts_poll  nrf_sdh_ble.o
    0x0002c39c   0x00000054   Code   RO         6960    i.nrf_sdh_disable_request  nrf_sdh.o
    0x0002c3f0   0x00000074   Code   RO         6961    i.nrf_sdh_enable_request  nrf_sdh.o
    0x0002c464   0x00000024   Code   RO         6962    i.nrf_sdh_evts_poll  nrf_sdh.o
    0x0002c488   0x0000000c   Code   RO         6963    i.nrf_sdh_is_enabled  nrf_sdh.o
    0x0002c494   0x0000001c   Code   RO         6965    i.nrf_sdh_request_continue  nrf_sdh.o
    0x0002c4b0   0x0000003c   Code   RO         7133    i.nrf_sdh_soc_evts_poll  nrf_sdh_soc.o
    0x0002c4ec   0x0000000a   Code   RO         5994    i.nrf_section_iter_init  nrf_section_iter.o
    0x0002c4f6   0x00000024   Code   RO         5995    i.nrf_section_iter_item_set  nrf_section_iter.o
    0x0002c51a   0x00000020   Code   RO         5996    i.nrf_section_iter_next  nrf_section_iter.o
    0x0002c53a   0x00000022   Code   RO         6029    i.nrf_sortlist_add  nrf_sortlist.o
    0x0002c55c   0x00000006   Code   RO         6031    i.nrf_sortlist_peek  nrf_sortlist.o
    0x0002c562   0x0000000e   Code   RO         6032    i.nrf_sortlist_pop  nrf_sortlist.o
    0x0002c570   0x0000001e   Code   RO         6033    i.nrf_sortlist_remove  nrf_sortlist.o
    0x0002c58e   0x00000002   PAD
    0x0002c590   0x00000038   Code   RO         6085    i.nrf_strerror_find  nrf_strerror.o
    0x0002c5c8   0x00000014   Code   RO         6086    i.nrf_strerror_get  nrf_strerror.o
    0x0002c5dc   0x0000000a   Code   RO         3827    i.nrf_uart_event_check  nrfx_uart.o
    0x0002c5e6   0x0000000c   Code   RO         3828    i.nrf_uart_event_clear  nrfx_uart.o
    0x0002c5f2   0x0000000c   Code   RO         3829    i.nrf_uart_int_enable_check  nrfx_uart.o
    0x0002c5fe   0x0000000a   Code   RO         4016    i.nrf_uarte_event_check  nrfx_uarte.o
    0x0002c608   0x0000000c   Code   RO         4017    i.nrf_uarte_event_clear  nrfx_uarte.o
    0x0002c614   0x00000010   Code   RO         2994    i.nrf_wdt_started   nrf_drv_clock.o
    0x0002c624   0x0000002c   Code   RO         3331    i.nrfx_clock_enable  nrfx_clock.o
    0x0002c650   0x00000020   Code   RO         3334    i.nrfx_clock_init   nrfx_clock.o
    0x0002c670   0x00000030   Code   RO         3337    i.nrfx_clock_lfclk_stop  nrfx_clock.o
    0x0002c6a0   0x00000010   Code   RO         4682    i.nrfx_coredep_delay_us  drv_rtc.o
    0x0002c6b0   0x000000a0   Code   RO         3480    i.nrfx_gpiote_in_event_enable  nrfx_gpiote.o
    0x0002c750   0x000000cc   Code   RO         3482    i.nrfx_gpiote_in_init  nrfx_gpiote.o
    0x0002c81c   0x00000014   Code   RO         3483    i.nrfx_gpiote_in_is_set  nrfx_gpiote.o
    0x0002c830   0x00000074   Code   RO         3485    i.nrfx_gpiote_init  nrfx_gpiote.o
    0x0002c8a4   0x00000014   Code   RO         3486    i.nrfx_gpiote_is_init  nrfx_gpiote.o
    0x0002c8b8   0x00000010   Code   RO         4018    i.nrfx_is_in_ram    nrfx_uarte.o
    0x0002c8c8   0x0000003a   Code   RO         3769    i.nrfx_prs_acquire  nrfx_prs.o
    0x0002c902   0x00000012   Code   RO         3770    i.nrfx_prs_release  nrfx_prs.o
    0x0002c914   0x00000010   Code   RO         3830    i.nrfx_uart_0_irq_handler  nrfx_uart.o
    0x0002c924   0x000000d4   Code   RO         3832    i.nrfx_uart_init    nrfx_uart.o
    0x0002c9f8   0x000000a8   Code   RO         3838    i.nrfx_uart_tx      nrfx_uart.o
    0x0002caa0   0x00000020   Code   RO         3840    i.nrfx_uart_tx_in_progress  nrfx_uart.o
    0x0002cac0   0x000000c0   Code   RO         3841    i.nrfx_uart_uninit  nrfx_uart.o
    0x0002cb80   0x00000010   Code   RO         4019    i.nrfx_uarte_0_irq_handler  nrfx_uarte.o
    0x0002cb90   0x0000006c   Code   RO         4021    i.nrfx_uarte_init   nrfx_uarte.o
    0x0002cbfc   0x000000ac   Code   RO         4025    i.nrfx_uarte_tx     nrfx_uarte.o
    0x0002cca8   0x0000001c   Code   RO         4027    i.nrfx_uarte_tx_in_progress  nrfx_uarte.o
    0x0002ccc4   0x00000108   Code   RO         4028    i.nrfx_uarte_uninit  nrfx_uarte.o
    0x0002cdcc   0x00000054   Code   RO           14    i.on_adv_evt        main.o
    0x0002ce20   0x0000001c   Code   RO           15    i.on_conn_params_evt  main.o
    0x0002ce3c   0x000000a8   Code   RO         1727    i.on_connected_evt  nrf_ble_gatt.o
    0x0002cee4   0x000000ac   Code   RO         1728    i.on_exchange_mtu_request_evt  nrf_ble_gatt.o
    0x0002cf90   0x00000024   Code   RO         4863    i.page_identify     fds.o
    0x0002cfb4   0x0000001c   Code   RO         4864    i.page_offsets_update  fds.o
    0x0002cfd0   0x0000006c   Code   RO         4865    i.page_scan         fds.o
    0x0002d03c   0x0000001c   Code   RO         4866    i.page_tag_write_data  fds.o
    0x0002d058   0x00000024   Code   RO         4867    i.page_tag_write_swap  fds.o
    0x0002d07c   0x00000130   Code   RO         4868    i.pages_init        fds.o
    0x0002d1ac   0x0000000c   Code   RO         2670    i.pairing           security_dispatcher.o
    0x0002d1b8   0x00000074   Code   RO         2671    i.pairing_failure   security_dispatcher.o
    0x0002d22c   0x0000002e   Code   RO         2672    i.pairing_success_evt_send  security_dispatcher.o
    0x0002d25a   0x00000006   Code   RO         2812    i.params_reply_pending_handle  security_manager.o
    0x0002d260   0x00000020   Code   RO         2813    i.params_req_send   security_manager.o
    0x0002d280   0x0000001c   Code   RO         2004    i.pdb_evt_send      peer_database.o
    0x0002d29c   0x00000090   Code   RO         2005    i.pdb_init          peer_database.o
    0x0002d32c   0x0000007c   Code   RO         2006    i.pdb_pds_evt_handler  peer_database.o
    0x0002d3a8   0x00000006   Code   RO         2007    i.pdb_peer_data_ptr_get  peer_database.o
    0x0002d3ae   0x00000002   PAD
    0x0002d3b0   0x0000008c   Code   RO         2008    i.pdb_peer_free     peer_database.o
    0x0002d43c   0x000000dc   Code   RO         2009    i.pdb_write_buf_get  peer_database.o
    0x0002d518   0x00000014   Code   RO         2010    i.pdb_write_buf_release  peer_database.o
    0x0002d52c   0x00000036   Code   RO         2011    i.pdb_write_buf_store  peer_database.o
    0x0002d562   0x00000002   PAD
    0x0002d564   0x00000010   Code   RO         1863    i.pds_evt_send      peer_data_storage.o
    0x0002d574   0x000000dc   Code   RO         1864    i.pds_init          peer_data_storage.o
    0x0002d650   0x00000004   Code   RO         1865    i.pds_next_deleted_peer_id_get  peer_data_storage.o
    0x0002d654   0x00000004   Code   RO         1866    i.pds_next_peer_id_get  peer_data_storage.o
    0x0002d658   0x00000058   Code   RO         1869    i.pds_peer_data_iterate  peer_data_storage.o
    0x0002d6b0   0x00000010   Code   RO         1870    i.pds_peer_data_iterate_prepare  peer_data_storage.o
    0x0002d6c0   0x00000072   Code   RO         1871    i.pds_peer_data_read  peer_data_storage.o
    0x0002d732   0x00000002   PAD
    0x0002d734   0x000000b4   Code   RO         1872    i.pds_peer_data_store  peer_data_storage.o
    0x0002d7e8   0x00000008   Code   RO         1873    i.pds_peer_id_allocate  peer_data_storage.o
    0x0002d7f0   0x00000016   Code   RO         1874    i.pds_peer_id_free  peer_data_storage.o
    0x0002d806   0x00000004   Code   RO         1875    i.pds_peer_id_is_allocated  peer_data_storage.o
    0x0002d80a   0x00000002   PAD
    0x0002d80c   0x000000a8   Code   RO         1877    i.peer_data_delete_process  peer_data_storage.o
    0x0002d8b4   0x00000030   Code   RO         1878    i.peer_data_find    peer_data_storage.o
    0x0002d8e4   0x00000024   Code   RO         1879    i.peer_data_id_is_valid  peer_data_storage.o
    0x0002d908   0x0000001a   Code   RO         2012    i.peer_data_point_to_buffer  peer_database.o
    0x0002d922   0x00000002   PAD
    0x0002d924   0x0000000c   Code   RO         2125    i.peer_id_allocate  peer_id.o
    0x0002d930   0x00000024   Code   RO         2126    i.peer_id_delete    peer_id.o
    0x0002d954   0x0000001c   Code   RO         2127    i.peer_id_free      peer_id.o
    0x0002d970   0x0000000c   Code   RO         2128    i.peer_id_get_next_deleted  peer_id.o
    0x0002d97c   0x00000030   Code   RO         2129    i.peer_id_get_next_used  peer_id.o
    0x0002d9ac   0x0000000c   Code   RO         2130    i.peer_id_init      peer_id.o
    0x0002d9b8   0x00000014   Code   RO         2131    i.peer_id_is_allocated  peer_id.o
    0x0002d9cc   0x00000014   Code   RO         2132    i.peer_id_is_deleted  peer_id.o
    0x0002d9e0   0x0000006c   Code   RO           16    i.peer_manager_init  main.o
    0x0002da4c   0x00000012   Code   RO          901    i.phy_is_valid      ble_advertising.o
    0x0002da5e   0x00000002   PAD
    0x0002da60   0x0000001c   Code   RO         3504    i.pin_configured_set  nrfx_gpiote.o
    0x0002da7c   0x00000018   Code   RO         3505    i.pin_in_use_by_port  nrfx_gpiote.o
    0x0002da94   0x00000018   Code   RO         3506    i.pin_in_use_by_te  nrfx_gpiote.o
    0x0002daac   0x00000064   Code   RO         2617    i.pm_buffer_block_acquire  pm_buffer.o
    0x0002db10   0x00000024   Code   RO         2618    i.pm_buffer_init    pm_buffer.o
    0x0002db34   0x00000028   Code   RO         2619    i.pm_buffer_ptr_get  pm_buffer.o
    0x0002db5c   0x00000032   Code   RO         2620    i.pm_buffer_release  pm_buffer.o
    0x0002db8e   0x00000002   PAD
    0x0002db90   0x00000014   Code   RO         2219    i.pm_conn_sec_status_get  peer_manager.o
    0x0002dba4   0x0000001c   Code   RO         2220    i.pm_conn_secure    peer_manager.o
    0x0002dbc0   0x00000020   Code   RO           17    i.pm_evt_handler    main.o
    0x0002dbe0   0x00000004   Code   RO         2222    i.pm_gcm_evt_handler  peer_manager.o
    0x0002dbe4   0x00000004   Code   RO         2223    i.pm_gscm_evt_handler  peer_manager.o
    0x0002dbe8   0x00000244   Code   RO         2523    i.pm_handler_flash_clean  peer_manager_handler.o
    0x0002de2c   0x0000001c   Code   RO         2524    i.pm_handler_flash_clean_on_return  peer_manager_handler.o
    0x0002de48   0x00000054   Code   RO         2525    i.pm_handler_on_pm_evt  peer_manager_handler.o
    0x0002de9c   0x00000310   Code   RO         2526    i.pm_handler_pm_evt_log  peer_manager_handler.o
    0x0002e1ac   0x00000004   Code   RO         2226    i.pm_im_evt_handler  peer_manager.o
    0x0002e1b0   0x000001bc   Code   RO         2227    i.pm_init           peer_manager.o
    0x0002e36c   0x00000118   Code   RO         2231    i.pm_pdb_evt_handler  peer_manager.o
    0x0002e484   0x00000014   Code   RO         2242    i.pm_peer_delete    peer_manager.o
    0x0002e498   0x0000011c   Code   RO         2246    i.pm_peer_rank_highest  peer_manager.o
    0x0002e5b4   0x000000e8   Code   RO         2247    i.pm_peer_ranks_get  peer_manager.o
    0x0002e69c   0x00000094   Code   RO         2248    i.pm_peers_delete   peer_manager.o
    0x0002e730   0x0000002c   Code   RO         2251    i.pm_register       peer_manager.o
    0x0002e75c   0x00000014   Code   RO         2253    i.pm_sec_params_set  peer_manager.o
    0x0002e770   0x0000000a   Code   RO         2254    i.pm_sm_evt_handler  peer_manager.o
    0x0002e77a   0x00000002   PAD
    0x0002e77c   0x000000b4   Code   RO         3507    i.port_event_handle  nrfx_gpiote.o
    0x0002e830   0x00000010   Code   RO         3508    i.port_handler_polarity_get  nrfx_gpiote.o
    0x0002e840   0x0000003c   Code   RO         6554    i.postfix_process   nrf_log_str_formatter.o
    0x0002e87c   0x00000098   Code   RO         6555    i.prefix_process    nrf_log_str_formatter.o
    0x0002e914   0x00000018   Code   RO         3771    i.prs_box_get       nrfx_prs.o
    0x0002e92c   0x0000001c   Code   RO         4869    i.queue_buf_get     fds.o
    0x0002e948   0x00000010   Code   RO         4870    i.queue_buf_store   fds.o
    0x0002e958   0x00000014   Code   RO         5678    i.queue_free        nrf_fstorage_sd.o
    0x0002e96c   0x000000a4   Code   RO         4871    i.queue_process     fds.o
    0x0002ea10   0x000000a0   Code   RO         5679    i.queue_process     nrf_fstorage_sd.o
    0x0002eab0   0x0000001c   Code   RO         4872    i.queue_start       fds.o
    0x0002eacc   0x00000024   Code   RO         5680    i.queue_start       nrf_fstorage_sd.o
    0x0002eaf0   0x0000001c   Code   RO         2529    i.rank_highest      peer_manager_handler.o
    0x0002eb0c   0x00000034   Code   RO         2257    i.rank_vars_update  peer_manager.o
    0x0002eb40   0x0000000e   Code   RO         5681    i.read              nrf_fstorage_sd.o
    0x0002eb4e   0x00000002   PAD
    0x0002eb50   0x000000ac   Code   RO         2013    i.reattempt_previous_operations  peer_database.o
    0x0002ebfc   0x00000090   Code   RO         4873    i.record_find       fds.o
    0x0002ec8c   0x000000a0   Code   RO         4874    i.record_find_by_desc  fds.o
    0x0002ed2c   0x0000005c   Code   RO         4875    i.record_find_next  fds.o
    0x0002ed88   0x0000003c   Code   RO         4876    i.record_header_flag_dirty  fds.o
    0x0002edc4   0x00000088   Code   RO         4877    i.records_stat      fds.o
    0x0002ee4c   0x00000010   Code   RO         2134    i.release           peer_id.o
    0x0002ee5c   0x00000004   Code   RO         5682    i.rmap              nrf_fstorage_sd.o
    0x0002ee60   0x0000005c   Code   RO         4434    i.rtc_irq           app_timer2.o
    0x0002eebc   0x00000064   Code   RO         4435    i.rtc_schedule      app_timer2.o
    0x0002ef20   0x00000074   Code   RO         4436    i.rtc_update        app_timer2.o
    0x0002ef94   0x00000032   Code   RO         3842    i.rx_byte           nrfx_uart.o
    0x0002efc6   0x00000016   Code   RO         3843    i.rx_done_event     nrfx_uart.o
    0x0002efdc   0x00000016   Code   RO         4029    i.rx_done_event     nrfx_uarte.o
    0x0002eff2   0x00000002   PAD
    0x0002eff4   0x00000024   Code   RO         1302    i.sc_send_pending_handle  gatt_cache_manager.o
    0x0002f018   0x00000058   Code   RO         2995    i.sd_state_evt_handler  nrf_drv_clock.o
    0x0002f070   0x00000030   Code   RO         6968    i.sdh_request_observer_notify  nrf_sdh.o
    0x0002f0a0   0x0000002c   Code   RO         6969    i.sdh_state_observer_notify  nrf_sdh.o
    0x0002f0cc   0x000000d8   Code   RO         2673    i.sec_info_request_process  security_dispatcher.o
    0x0002f1a4   0x000000f4   Code   RO         2674    i.sec_keyset_fill   security_dispatcher.o
    0x0002f298   0x00000076   Code   RO         2814    i.sec_params_verify  security_manager.o
    0x0002f30e   0x00000002   PAD
    0x0002f310   0x00000060   Code   RO         2675    i.sec_proc_start    security_dispatcher.o
    0x0002f370   0x0000005c   Code   RO         2815    i.sec_req_process   security_manager.o
    0x0002f3cc   0x00000022   Code   RO         2676    i.send_config_req   security_dispatcher.o
    0x0002f3ee   0x00000002   PAD
    0x0002f3f0   0x00000010   Code   RO          989    i.send_error_evt    ble_conn_params.o
    0x0002f400   0x00000028   Code   RO         1303    i.send_unexpected_error  gatt_cache_manager.o
    0x0002f428   0x00000028   Code   RO         2677    i.send_unexpected_error  security_dispatcher.o
    0x0002f450   0x00000050   Code   RO         6151    i.serial_tx         nrf_log_backend_rtt.o
    0x0002f4a0   0x00000040   Code   RO         6254    i.serial_tx         nrf_log_backend_uart.o
    0x0002f4e0   0x00000014   Code   RO         1304    i.service_changed_pending_flags_check  gatt_cache_manager.o
    0x0002f4f4   0x00000094   Code   RO         1463    i.service_changed_pending_set  gatts_cache_manager.o
    0x0002f588   0x00000168   Code   RO         1305    i.service_changed_send_in_evt  gatt_cache_manager.o
    0x0002f6f0   0x00000088   Code   RO          794    i.service_data_encode  ble_advdata.o
    0x0002f778   0x00000028   Code   RO           18    i.sleep_mode_enter  main.o
    0x0002f7a0   0x0000002c   Code   RO         2816    i.sm_ble_evt_handler  security_manager.o
    0x0002f7cc   0x000000a2   Code   RO         2818    i.sm_conn_sec_status_get  security_manager.o
    0x0002f86e   0x00000002   PAD
    0x0002f870   0x00000058   Code   RO         2819    i.sm_init           security_manager.o
    0x0002f8c8   0x0000000a   Code   RO         2821    i.sm_link_secure    security_manager.o
    0x0002f8d2   0x00000002   PAD
    0x0002f8d4   0x00000044   Code   RO         2822    i.sm_pdb_evt_handler  security_manager.o
    0x0002f918   0x00000028   Code   RO         2823    i.sm_sec_is_sufficient  security_manager.o
    0x0002f940   0x00000034   Code   RO         2825    i.sm_sec_params_set  security_manager.o
    0x0002f974   0x0000002c   Code   RO         2826    i.sm_smd_evt_handler  security_manager.o
    0x0002f9a0   0x000000f4   Code   RO         2678    i.smd_ble_evt_handler  security_dispatcher.o
    0x0002fa94   0x00000068   Code   RO         2680    i.smd_init          security_dispatcher.o
    0x0002fafc   0x00000028   Code   RO         2681    i.smd_link_secure   security_dispatcher.o
    0x0002fb24   0x000000ac   Code   RO         2682    i.smd_params_reply  security_dispatcher.o
    0x0002fbd0   0x00000040   Code   RO         2827    i.smd_params_reply_perform  security_manager.o
    0x0002fc10   0x00000018   Code   RO         2996    i.soc_evt_handler   nrf_drv_clock.o
    0x0002fc28   0x00000040   Code   RO         6970    i.softdevice_evt_irq_disable  nrf_sdh.o
    0x0002fc68   0x00000058   Code   RO         6971    i.softdevices_evt_irq_enable  nrf_sdh.o
    0x0002fcc0   0x0000000c   Code   RO         4437    i.sortlist_pop      app_timer2.o
    0x0002fccc   0x00000030   Code   RO         4178    i.state_set         app_button.o
    0x0002fcfc   0x00000094   Code   RO         6389    i.std_n             nrf_log_frontend.o
    0x0002fd90   0x0000006c   Code   RO         1306    i.store_car_value   gatt_cache_manager.o
    0x0002fdfc   0x00000058   Code   RO         4438    i.timer_expire      app_timer2.o
    0x0002fe54   0x00000078   Code   RO         4439    i.timer_req_process  app_timer2.o
    0x0002fecc   0x00000038   Code   RO         4440    i.timer_req_schedule  app_timer2.o
    0x0002ff04   0x00000018   Code   RO         4179    i.timer_start       app_button.o
    0x0002ff1c   0x00000020   Code   RO         3845    i.tx_byte           nrfx_uart.o
    0x0002ff3c   0x0000001a   Code   RO         3846    i.tx_done_event     nrfx_uart.o
    0x0002ff56   0x0000001a   Code   RO         4030    i.tx_done_event     nrfx_uarte.o
    0x0002ff70   0x00000030   Code   RO         3134    i.uart_evt_handler  nrf_drv_uart.o
    0x0002ffa0   0x0000000c   Code   RO         6255    i.uart_evt_handler  nrf_log_backend_uart.o
    0x0002ffac   0x00000050   Code   RO         6256    i.uart_init         nrf_log_backend_uart.o
    0x0002fffc   0x0000012a   Code   RO         3847    i.uart_irq_handler  nrfx_uart.o
    0x00030126   0x00000002   PAD
    0x00030128   0x00000030   Code   RO         3135    i.uarte_evt_handler  nrf_drv_uart.o
    0x00030158   0x00000112   Code   RO         4031    i.uarte_irq_handler  nrfx_uarte.o
    0x0003026a   0x0000000a   Code   RO          795    i.uint16_encode     ble_advdata.o
    0x00030274   0x00000020   Code   RO         5683    i.uninit            nrf_fstorage_sd.o
    0x00030294   0x000000b4   Code   RO         5547    i.unsigned_print    nrf_fprintf_format.o
    0x00030348   0x00000030   Code   RO         1307    i.update_pending_flags_check  gatt_cache_manager.o
    0x00030378   0x00000068   Code   RO          990    i.update_timeout_handler  ble_conn_params.o
    0x000303e0   0x00000018   Code   RO          902    i.use_whitelist     ble_advertising.o
    0x000303f8   0x0000000c   Code   RO         1077    i.user_flag_is_acquired  ble_conn_state.o
    0x00030404   0x00000024   Code   RO         1823    i.user_mem_reply    nrf_ble_qwr.o
    0x00030428   0x00000020   Code   RO         4180    i.usr_event         app_button.o
    0x00030448   0x00000030   Code   RO          796    i.uuid_list_encode  ble_advdata.o
    0x00030478   0x0000009e   Code   RO          797    i.uuid_list_sized_encode  ble_advdata.o
    0x00030516   0x0000003a   Code   RO          547    i.wakeup_button_cfg  bsp.o
    0x00030550   0x00000004   Code   RO         5684    i.wmap              nrf_fstorage_sd.o
    0x00030554   0x00000050   Code   RO         5685    i.write             nrf_fstorage_sd.o
    0x000305a4   0x0000014c   Code   RO         2014    i.write_buf_store   peer_database.o
    0x000306f0   0x00000034   Code   RO         2015    i.write_buffer_record_find  peer_database.o
    0x00030724   0x00000030   Code   RO         2016    i.write_buffer_record_find_next  peer_database.o
    0x00030754   0x0000001c   Code   RO         2017    i.write_buffer_record_invalidate  peer_database.o
    0x00030770   0x0000002c   Code   RO         2018    i.write_buffer_record_release  peer_database.o
    0x0003079c   0x000000f4   Code   RO         4878    i.write_enqueue     fds.o
    0x00030890   0x000000f8   Code   RO         4879    i.write_execute     fds.o
    0x00030988   0x00000018   Code   RO         4880    i.write_space_free  fds.o
    0x000309a0   0x00000060   Code   RO         4881    i.write_space_reserve  fds.o
    0x00030a00   0x00000008   Data   RO           22    .constdata          main.o
    0x00030a08   0x00000008   Data   RO          434    .constdata          boards.o
    0x00030a10   0x0000002c   Data   RO          552    .constdata          bsp.o
    0x00030a3c   0x0000006c   Data   RO         1308    .constdata          gatt_cache_manager.o
    0x00030aa8   0x00000004   Data   RO         1464    .constdata          gatts_cache_manager.o
    0x00030aac   0x00000010   Data   RO         1465    .constdata          gatts_cache_manager.o
    0x00030abc   0x00000004   Data   RO         1466    .constdata          gatts_cache_manager.o
    0x00030ac0   0x00000008   Data   RO         1573    .constdata          id_manager.o
    0x00030ac8   0x00000016   Data   RO         1729    .constdata          nrf_ble_gatt.o
    0x00030ade   0x00000002   PAD
    0x00030ae0   0x00000018   Data   RO         1880    .constdata          peer_data_storage.o
    0x00030af8   0x00000010   Data   RO         2020    .constdata          peer_database.o
    0x00030b08   0x0000002c   Data   RO         2259    .constdata          peer_manager.o
    0x00030b34   0x00000014   Data   RO         2532    .constdata          peer_manager_handler.o
    0x00030b48   0x00000078   Data   RO         2684    .constdata          security_dispatcher.o
    0x00030bc0   0x00000008   Data   RO         2828    .constdata          security_manager.o
    0x00030bc8   0x00000004   Data   RO         3510    .constdata          nrfx_gpiote.o
    0x00030bcc   0x00000004   Data   RO         3850    .constdata          nrfx_uart.o
    0x00030bd0   0x00000004   Data   RO         4034    .constdata          nrfx_uarte.o
    0x00030bd4   0x00000008   Data   RO         4183    .constdata          app_button.o
    0x00030bdc   0x00000014   Data   RO         4443    .constdata          app_timer2.o
    0x00030bf0   0x00000006   Data   RO         4683    .constdata          drv_rtc.o
    0x00030bf6   0x00000002   PAD
    0x00030bf8   0x00000018   Data   RO         4884    .constdata          fds.o
    0x00030c10   0x00000010   Data   RO         5548    .constdata          nrf_fprintf_format.o
    0x00030c20   0x0000005e   Data   RO         5594    .constdata          nrf_fstorage.o
    0x00030c7e   0x00000002   PAD
    0x00030c80   0x00000010   Data   RO         5688    .constdata          nrf_fstorage_sd.o
    0x00030c90   0x00000020   Data   RO         5689    .constdata          nrf_fstorage_sd.o
    0x00030cb0   0x00000018   Data   RO         5867    .constdata          nrf_pwr_mgmt.o
    0x00030cc8   0x0000000c   Data   RO         5868    .constdata          nrf_pwr_mgmt.o
    0x00030cd4   0x0000013c   Data   RO         6087    .constdata          nrf_strerror.o
    0x00030e10   0x0000000c   Data   RO         6153    .constdata          nrf_log_backend_rtt.o
    0x00030e1c   0x00000004   PAD
    0x00030e20   0x00000006   Data   RO         6154    .constdata          nrf_log_backend_rtt.o
    0x00030e26   0x00000002   PAD
    0x00030e28   0x0000000c   Data   RO         6258    .constdata          nrf_log_backend_uart.o
    0x00030e34   0x00000020   Data   RO         6259    .constdata          nrf_log_backend_uart.o
    0x00030e54   0x0000000c   Data   RO         6394    .constdata          nrf_log_frontend.o
    0x00030e60   0x00000010   Data   RO         6972    .constdata          nrf_sdh.o
    0x00030e70   0x00000028   Data   RO         6973    .constdata          nrf_sdh.o
    0x00030e98   0x00000010   Data   RO         6974    .constdata          nrf_sdh.o
    0x00030ea8   0x00000010   Data   RO         6975    .constdata          nrf_sdh.o
    0x00030eb8   0x00000020   Data   RO         7083    .constdata          nrf_sdh_ble.o
    0x00030ed8   0x00000010   Data   RO         7084    .constdata          nrf_sdh_ble.o
    0x00030ee8   0x00000010   Data   RO         7134    .constdata          nrf_sdh_soc.o
    0x00030ef8   0x0000000c   Data   RO         7135    .constdata          nrf_sdh_soc.o
    0x00030f04   0x00000081   Data   RO         7221    .constdata          mc_w.l(ctype_o.o)
    0x00030f85   0x00000003   PAD
    0x00030f88   0x00000004   Data   RO         7222    .constdata          mc_w.l(ctype_o.o)
    0x00030f8c   0x000001a4   Data   RO         1309    .conststring        gatt_cache_manager.o
    0x00031130   0x0000019c   Data   RO         1467    .conststring        gatts_cache_manager.o
    0x000312cc   0x000000a2   Data   RO         1730    .conststring        nrf_ble_gatt.o
    0x0003136e   0x00000002   PAD
    0x00031370   0x000000e8   Data   RO         1881    .conststring        peer_data_storage.o
    0x00031458   0x00000180   Data   RO         2021    .conststring        peer_database.o
    0x000315d8   0x00000090   Data   RO         2260    .conststring        peer_manager.o
    0x00031668   0x0000030f   Data   RO         2533    .conststring        peer_manager_handler.o
    0x00031977   0x00000001   PAD
    0x00031978   0x000002b2   Data   RO         2685    .conststring        security_dispatcher.o
    0x00031c2a   0x00000002   PAD
    0x00031c2c   0x0000017b   Data   RO         2829    .conststring        security_manager.o
    0x00031da7   0x00000001   PAD
    0x00031da8   0x0000004f   Data   RO         5595    .conststring        nrf_fstorage.o
    0x00031df7   0x00000001   PAD
    0x00031df8   0x000003eb   Data   RO         6088    .conststring        nrf_strerror.o
    0x000321e3   0x00000001   PAD
    0x000321e4   0x00000066   Data   RO         6556    .conststring        nrf_log_str_formatter.o
    0x0003224a   0x00000002   PAD
    0x0003224c   0x00000188   Data   RO         7085    .conststring        nrf_sdh_ble.o
    0x000323d4   0x00000011   Data   RO         1310    .conststrlit        gatt_cache_manager.o
    0x000323e5   0x00000003   PAD
    0x000323e8   0x00000012   Data   RO         1468    .conststrlit        gatts_cache_manager.o
    0x000323fa   0x00000002   PAD
    0x000323fc   0x00000010   Data   RO         1575    .conststrlit        id_manager.o
    0x0003240c   0x0000000d   Data   RO         1731    .conststrlit        nrf_ble_gatt.o
    0x00032419   0x00000003   PAD
    0x0003241c   0x00000011   Data   RO         1882    .conststrlit        peer_data_storage.o
    0x0003242d   0x00000003   PAD
    0x00032430   0x00000011   Data   RO         2022    .conststrlit        peer_database.o
    0x00032441   0x00000003   PAD
    0x00032444   0x0000000d   Data   RO         2261    .conststrlit        peer_manager.o
    0x00032451   0x00000003   PAD
    0x00032454   0x00000015   Data   RO         2536    .conststrlit        peer_manager_handler.o
    0x00032469   0x00000003   PAD
    0x0003246c   0x00000011   Data   RO         2686    .conststrlit        security_dispatcher.o
    0x0003247d   0x00000003   PAD
    0x00032480   0x00000010   Data   RO         2830    .conststrlit        security_manager.o
    0x00032490   0x00000006   Data   RO         3002    .conststrlit        nrf_drv_clock.o
    0x00032496   0x00000002   PAD
    0x00032498   0x00000006   Data   RO         3341    .conststrlit        nrfx_clock.o
    0x0003249e   0x00000002   PAD
    0x000324a0   0x00000007   Data   RO         3514    .conststrlit        nrfx_gpiote.o
    0x000324a7   0x00000001   PAD
    0x000324a8   0x00000004   Data   RO         3773    .conststrlit        nrfx_prs.o
    0x000324ac   0x00000005   Data   RO         3853    .conststrlit        nrfx_uart.o
    0x000324b1   0x00000003   PAD
    0x000324b4   0x00000006   Data   RO         4037    .conststrlit        nrfx_uarte.o
    0x000324ba   0x00000002   PAD
    0x000324bc   0x0000000b   Data   RO         4184    .conststrlit        app_button.o
    0x000324c7   0x00000001   PAD
    0x000324c8   0x0000000a   Data   RO         4444    .conststrlit        app_timer2.o
    0x000324d2   0x00000002   PAD
    0x000324d4   0x0000000d   Data   RO         5596    .conststrlit        nrf_fstorage.o
    0x000324e1   0x00000003   PAD
    0x000324e4   0x00000009   Data   RO         5869    .conststrlit        nrf_pwr_mgmt.o
    0x000324ed   0x00000003   PAD
    0x000324f0   0x00000009   Data   RO         6034    .conststrlit        nrf_sortlist.o
    0x000324f9   0x00000003   PAD
    0x000324fc   0x00000021   Data   RO         6324    .conststrlit        nrf_log_default_backends.o
    0x0003251d   0x00000003   PAD
    0x00032520   0x00000004   Data   RO         6395    .conststrlit        nrf_log_frontend.o
    0x00032524   0x00000008   Data   RO         6976    .conststrlit        nrf_sdh.o
    0x0003252c   0x0000000c   Data   RO         7086    .conststrlit        nrf_sdh_ble.o
    0x00032538   0x0000000c   Data   RO         7136    .conststrlit        nrf_sdh_soc.o
    0x00032544   0x00000020   Data   RO         7282    Region$$Table       anon$$obj.o
    0x00032564   0x00000020   Data   RO         6327    log_backends        nrf_log_default_backends.o
    0x00032584   0x00000008   Data   RO         1312    log_const_data      gatt_cache_manager.o
    0x0003258c   0x00000008   Data   RO         1470    log_const_data      gatts_cache_manager.o
    0x00032594   0x00000008   Data   RO         1577    log_const_data      id_manager.o
    0x0003259c   0x00000008   Data   RO         1732    log_const_data      nrf_ble_gatt.o
    0x000325a4   0x00000008   Data   RO         1884    log_const_data      peer_data_storage.o
    0x000325ac   0x00000008   Data   RO         2024    log_const_data      peer_database.o
    0x000325b4   0x00000008   Data   RO         2263    log_const_data      peer_manager.o
    0x000325bc   0x00000008   Data   RO         2539    log_const_data      peer_manager_handler.o
    0x000325c4   0x00000008   Data   RO         2688    log_const_data      security_dispatcher.o
    0x000325cc   0x00000008   Data   RO         2832    log_const_data      security_manager.o
    0x000325d4   0x00000008   Data   RO         3003    log_const_data      nrf_drv_clock.o
    0x000325dc   0x00000008   Data   RO         3343    log_const_data      nrfx_clock.o
    0x000325e4   0x00000008   Data   RO         3515    log_const_data      nrfx_gpiote.o
    0x000325ec   0x00000008   Data   RO         3775    log_const_data      nrfx_prs.o
    0x000325f4   0x00000008   Data   RO         3854    log_const_data      nrfx_uart.o
    0x000325fc   0x00000008   Data   RO         4038    log_const_data      nrfx_uarte.o
    0x00032604   0x00000008   Data   RO         4186    log_const_data      app_button.o
    0x0003260c   0x00000008   Data   RO         4447    log_const_data      app_timer2.o
    0x00032614   0x00000008   Data   RO         5597    log_const_data      nrf_fstorage.o
    0x0003261c   0x00000008   Data   RO         5871    log_const_data      nrf_pwr_mgmt.o
    0x00032624   0x00000008   Data   RO         6035    log_const_data      nrf_sortlist.o
    0x0003262c   0x00000008   Data   RO         6399    log_const_data      nrf_log_frontend.o
    0x00032634   0x00000008   Data   RO         6978    log_const_data      nrf_sdh.o
    0x0003263c   0x00000008   Data   RO         7088    log_const_data      nrf_sdh_ble.o
    0x00032644   0x00000008   Data   RO         7137    log_const_data      nrf_sdh_soc.o
    0x0003264c   0x00000014   Data   RO         6400    nrf_balloc          nrf_log_frontend.o
    0x00032660   0x00000008   Data   RO         1079    sdh_ble_observers0  ble_conn_state.o
    0x00032668   0x00000010   Data   RO           24    sdh_ble_observers1  main.o
    0x00032678   0x00000008   Data   RO          655    sdh_ble_observers1  bsp_btn_ble.o
    0x00032680   0x00000008   Data   RO          993    sdh_ble_observers1  ble_conn_params.o
    0x00032688   0x00000008   Data   RO         2264    sdh_ble_observers1  peer_manager.o
    0x00032690   0x00000008   Data   RO           25    sdh_ble_observers2  main.o
    0x00032698   0x00000008   Data   RO           26    sdh_ble_observers3  main.o
    0x000326a0   0x00000008   Data   RO         5691    sdh_req_observers0  nrf_fstorage_sd.o
    0x000326a8   0x00000008   Data   RO         3004    sdh_soc_observers0  nrf_drv_clock.o
    0x000326b0   0x00000008   Data   RO         5692    sdh_soc_observers0  nrf_fstorage_sd.o
    0x000326b8   0x00000008   Data   RO         7089    sdh_stack_observers0  nrf_sdh_ble.o
    0x000326c0   0x00000008   Data   RO         7138    sdh_stack_observers0  nrf_sdh_soc.o
    0x000326c8   0x00000008   Data   RO         3005    sdh_state_observers0  nrf_drv_clock.o
    0x000326d0   0x00000008   Data   RO         5693    sdh_state_observers0  nrf_fstorage_sd.o


    Execution Region RW_IRAM1 (Base: 0x20002250, Size: 0x00003678, Max: 0x0000ddb0, ABSOLUTE, COMPRESSED[0x000000a0])

    Base Addr    Size         Type   Attr      Idx    E Section Name        Object

    0x20002250   0x00000008   Data   RW           23    .data               main.o
    0x20002258   0x00000010   Data   RW          553    .data               bsp.o
    0x20002268   0x00000008   Data   RW          654    .data               bsp_btn_ble.o
    0x20002270   0x00000008   Data   RW          992    .data               ble_conn_params.o
    0x20002278   0x00000010   Data   RW         1311    .data               gatt_cache_manager.o
    0x20002288   0x0000000c   Data   RW         1469    .data               gatts_cache_manager.o
    0x20002294   0x0000000c   Data   RW         1883    .data               peer_data_storage.o
    0x200022a0   0x00000008   Data   RW         2023    .data               peer_database.o
    0x200022a8   0x00000010   Data   RW         2262    .data               peer_manager.o
    0x200022b8   0x00000060   Data   RW         2537    .data               peer_manager_handler.o
    0x20002318   0x00000005   Data   RW         2687    .data               security_dispatcher.o
    0x2000231d   0x00000003   PAD
    0x20002320   0x00000015   Data   RW         2831    .data               security_manager.o
    0x20002335   0x00000003   PAD
    0x20002338   0x0000000c   Data   RW         3136    .data               nrf_drv_uart.o
    0x20002344   0x00000008   Data   RW         3342    .data               nrfx_clock.o
    0x2000234c   0x00000008   Data   RW         3774    .data               nrfx_prs.o
    0x20002354   0x00000004   PAD
    0x20002358   0x00000018   Data   RW         4185    .data               app_button.o
    0x20002370   0x00000020   Data   RW         4445    .data               app_timer2.o
    0x20002390   0x00000004   Data   RW         4446    .data               app_timer2.o
    0x20002394   0x0000000c   Data   RW         4684    .data               drv_rtc.o
    0x200023a0   0x00000030   Data   RW         4885    .data               fds.o
    0x200023d0   0x00000008   Data   RW         5690    .data               nrf_fstorage_sd.o
    0x200023d8   0x00000008   Data   RW         5870    .data               nrf_pwr_mgmt.o
    0x200023e0   0x00000001   Data   RW         6155    .data               nrf_log_backend_rtt.o
    0x200023e1   0x00000003   PAD
    0x200023e4   0x00000018   Data   RW         6260    .data               nrf_log_backend_uart.o
    0x200023fc   0x00000008   Data   RW         6325    .data               nrf_log_default_backends.o
    0x20002404   0x00000008   Data   RW         6326    .data               nrf_log_default_backends.o
    0x2000240c   0x00000004   Data   RW         6396    .data               nrf_log_frontend.o
    0x20002410   0x00000008   Data   RW         6397    .data               nrf_log_frontend.o
    0x20002418   0x00000008   Data   RW         6398    .data               nrf_log_frontend.o
    0x20002420   0x00000040   Data   RW         6557    .data               nrf_log_str_formatter.o
    0x20002460   0x00000003   Data   RW         6977    .data               nrf_sdh.o
    0x20002463   0x00000001   Data   RW         7087    .data               nrf_sdh_ble.o
    0x20002464   0x00000004   Data   RW         7177    .data               system_nrf52.o
    0x20002468   0x00000014   Data   RW         4886    fs_data             fds.o
    0x2000247c   0x00000004   PAD
    0x20002480   0x00000020   Zero   RW           19    .bss                main.o
    0x200024a0   0x00000020   Zero   RW           20    .bss                main.o
    0x200024c0   0x00000454   Zero   RW           21    .bss                main.o
    0x20002914   0x00000004   PAD
    0x20002918   0x00000020   Zero   RW          548    .bss                bsp.o
    0x20002938   0x00000020   Zero   RW          549    .bss                bsp.o
    0x20002958   0x0000000c   Zero   RW          550    .bss                bsp.o
    0x20002964   0x00000004   PAD
    0x20002968   0x00000020   Zero   RW          551    .bss                bsp.o
    0x20002988   0x00000050   Zero   RW          991    .bss                ble_conn_params.o
    0x200029d8   0x0000007c   Zero   RW         1078    .bss                ble_conn_state.o
    0x20002a54   0x000000d8   Zero   RW         1572    .bss                id_manager.o
    0x20002b2c   0x00000180   Zero   RW         2019    .bss                peer_database.o
    0x20002cac   0x00000040   Zero   RW         2135    .bss                peer_id.o
    0x20002cec   0x0000000c   Zero   RW         2258    .bss                peer_manager.o
    0x20002cf8   0x00000040   Zero   RW         2683    .bss                security_dispatcher.o
    0x20002d38   0x00000014   Zero   RW         2997    .bss                nrf_drv_clock.o
    0x20002d4c   0x0000005c   Zero   RW         3509    .bss                nrfx_gpiote.o
    0x20002da8   0x0000002c   Zero   RW         3848    .bss                nrfx_uart.o
    0x20002dd4   0x00000024   Zero   RW         4032    .bss                nrfx_uarte.o
    0x20002df8   0x00000020   Zero   RW         4181    .bss                app_button.o
    0x20002e18   0x00000010   Zero   RW         4182    .bss                app_button.o
    0x20002e28   0x00000010   Zero   RW         4441    .bss                app_timer2.o
    0x20002e38   0x00000058   Zero   RW         4442    .bss                app_timer2.o
    0x20002e90   0x0000000c   Zero   RW         4571    .bss                app_util_platform.o
    0x20002e9c   0x00000010   Zero   RW         4882    .bss                fds.o
    0x20002eac   0x000000e0   Zero   RW         4883    .bss                fds.o
    0x20002f8c   0x00000010   Zero   RW         5686    .bss                nrf_fstorage_sd.o
    0x20002f9c   0x000000a0   Zero   RW         5687    .bss                nrf_fstorage_sd.o
    0x2000303c   0x0000000c   Zero   RW         5866    .bss                nrf_pwr_mgmt.o
    0x20003048   0x00000040   Zero   RW         6152    .bss                nrf_log_backend_rtt.o
    0x20003088   0x00000040   Zero   RW         6257    .bss                nrf_log_backend_uart.o
    0x200030c8   0x000000c0   Zero   RW         6390    .bss                nrf_log_frontend.o
    0x20003188   0x00000080   Zero   RW         6391    .bss                nrf_log_frontend.o
    0x20003208   0x00000018   Zero   RW         6392    .bss                nrf_log_frontend.o
    0x20003220   0x00000420   Zero   RW         6393    .bss                nrf_log_frontend.o
    0x20003640   0x00000288   Zero   RW         6633    .bss                segger_rtt.o
    0x200038c8   0x00002000   Zero   RW         7165    STACK               arm_startup_nrf52.o


==============================================================================

Image component sizes


      Code (inc. data)   RO Data    RW Data    ZI Data      Debug   Object Name

       664         68         27         24         48      18610   app_button.o
        22          0          0          0          0       2621   app_error.o
       132         46          0          0          0      34181   app_error_weak.o
         0          0          0          0          0      37214   app_scheduler.o
       846         88         38         36        104      17705   app_timer2.o
       124         14          0          0         12      10894   app_util_platform.o
        36          8        512          0       8192        960   arm_startup_nrf52.o
      1338          0          0          0          0      54236   ble_advdata.o
      1076          6          0          0          0      11635   ble_advertising.o
       636         44          8          8         80       9835   ble_conn_params.o
       772         62          8          0        124      16749   ble_conn_state.o
         8          0          0          0          0       1574   ble_srv_common.o
       358         40          8          0          0      15299   boards.o
       998         84         44         16        108      16899   bsp.o
       252         10          8          8          0      10008   bsp_btn_ble.o
       704         76          6         12          0      49757   drv_rtc.o
      3864        348         24         68        240      53886   fds.o
      2152        552        553         16          0      35327   gatt_cache_manager.o
       686         84        462         12          0      17391   gatts_cache_manager.o
       946         34         32          0        216      18144   id_manager.o
      1352        244         40          8       1172     199327   main.o
       342          0          0          0          0       7166   nrf_atfifo.o
       170          0          0          0          0       5164   nrf_atflags.o
       332          0          0          0          0      10894   nrf_atomic.o
       164          0          0          0          0       3872   nrf_balloc.o
       922        272        205          0          0      37907   nrf_ble_gatt.o
       276          0          0          0          0       4993   nrf_ble_qwr.o
       312         36         30          0         20      44384   nrf_drv_clock.o
       200         26          0         12          0      18428   nrf_drv_uart.o
        50          0          0          0          0       3769   nrf_fprintf.o
       866          4         16          0          0       6854   nrf_fprintf_format.o
       972        432        194          0          0       8568   nrf_fstorage.o
       798         82         72          8        176      17091   nrf_fstorage_sd.o
       112         18         18          1         64       6669   nrf_log_backend_rtt.o
       200          0          0          0          0      11145   nrf_log_backend_serial.o
       232         44         44         24         64      16626   nrf_log_backend_uart.o
        52          6         65         16          0       3637   nrf_log_default_backends.o
      1516        128         44         20       1400      32848   nrf_log_frontend.o
       570        108        102         64          0       6020   nrf_log_str_formatter.o
       346          0          0          0          0      10111   nrf_memobj.o
       108         16         53          8         12      40162   nrf_pwr_mgmt.o
        28          0          0          0          0       2543   nrf_ringbuf.o
       560         60        104          3          0      46132   nrf_sdh.o
       672        232        468          1          0       6229   nrf_sdh_ble.o
        60          4         56          0          0       2648   nrf_sdh_soc.o
        78          0          0          0          0       3024   nrf_section_iter.o
        84          0         17          0          0       4473   nrf_sortlist.o
        76         10       1319          0          0       2983   nrf_strerror.o
       242         32         14          8          0      47880   nrfx_clock.o
      1268        106         19          0         92      67453   nrfx_gpiote.o
       112         16         12          8          0       4848   nrfx_prs.o
      1310         42         17          0         44      31989   nrfx_uart.o
      1312         42         18          0         36      27311   nrfx_uarte.o
      1172        144        281         12          0      19398   peer_data_storage.o
      1438        262        425          8        384      20626   peer_database.o
       314         38          0          0         64       9927   peer_id.o
      1678        454        217         16         12      21171   peer_manager.o
      1824        842        832         96          0       9908   peer_manager_handler.o
       234          0          0          0          0       5807   pm_buffer.o
      1944        268        835          5         64      28323   security_dispatcher.o
      1372        122        411         21          0      56182   security_manager.o
       378         34          0          0        648       9533   segger_rtt.o
       796         70          0          4          0       3175   system_nrf52.o

    ----------------------------------------------------------------------
     42534       5758       7760        556      13388    1360123   Object Totals
         0          0         32          0          0          0   (incl. Generated)
        76          0         70         13         12          0   (incl. Padding)

    ----------------------------------------------------------------------

      Code (inc. data)   RO Data    RW Data    ZI Data      Debug   Library Member Name

        86          0          0          0          0          0   __dczerorl2.o
         8          4        133          0          0         68   ctype_o.o
         0          0          0          0          0          0   entry.o
         0          0          0          0          0          0   entry10a.o
         0          0          0          0          0          0   entry11a.o
         8          4          0          0          0          0   entry2.o
         4          0          0          0          0          0   entry5.o
         0          0          0          0          0          0   entry7b.o
         0          0          0          0          0          0   entry8b.o
         8          4          0          0          0          0   entry9a.o
        30          0          0          0          0          0   handlers.o
        36          8          0          0          0         68   init.o
        30          0          0          0          0         68   llshl.o
        32          0          0          0          0         68   llushr.o
        26          0          0          0          0         80   memcmp.o
        36          0          0          0          0         68   memcpya.o
        36          0          0          0          0        108   memseta.o
        18          0          0          0          0         68   strcpy.o
        14          0          0          0          0         68   strlen.o
        98          0          0          0          0         92   uldiv.o

    ----------------------------------------------------------------------
       474         20        136          0          0        756   Library Totals
         4          0          3          0          0          0   (incl. Padding)

    ----------------------------------------------------------------------

      Code (inc. data)   RO Data    RW Data    ZI Data      Debug   Library Name

       470         20        133          0          0        756   mc_w.l

    ----------------------------------------------------------------------
       474         20        136          0          0        756   Library Totals

    ----------------------------------------------------------------------

==============================================================================


      Code (inc. data)   RO Data    RW Data    ZI Data      Debug   

     43008       5778       7896        556      13388    1306803   Grand Totals
     43008       5778       7896        160      13388    1306803   ELF Image Totals (compressed)
     43008       5778       7896        160          0          0   ROM Totals

==============================================================================

    Total RO  Size (Code + RO Data)                50904 (  49.71kB)
    Total RW  Size (RW Data + ZI Data)             13944 (  13.62kB)
    Total ROM Size (Code + RO Data + RW Data)      51064 (  49.87kB)

==============================================================================

